Component: ARM Compiler 5.05 update 1 (build 106) Tool: armlink [4d0efa]

==============================================================================

Section Cross References

    main.o(i.World_Init) refers to system_stm32f10x.o(i.SystemInit) for SystemInit
    main.o(i.World_Init) refers to drv_usart.o(i.uart_init) for uart_init
    main.o(i.World_Init) refers to noretval__2printf.o(.text) for __2printf
    main.o(i.World_Init) refers to drv_systick.o(i.SysTick_Init) for SysTick_Init
    main.o(i.World_Init) refers to misc.o(i.NVIC_PriorityGroupConfig) for NVIC_PriorityGroupConfig
    main.o(i.World_Init) refers to transmit.o(i.SX1278_Init) for SX1278_Init
    main.o(i.World_Init) refers to bsp_led.o(i.LED_Init) for LED_Init
    main.o(i.World_Init) refers to drv_gpio.o(i.GPIOC_Init) for GPIOC_Init
    main.o(i.World_Init) refers to bsp_oled.o(i.OLED_Init) for OLED_Init
    main.o(i.World_Init) refers to gui.o(i.GUI_Init) for GUI_Init
    main.o(i.World_Init) refers to bsp_key.o(i.Key_Init) for Key_Init
    main.o(i.World_Init) refers to drv_pwm.o(i.TIM3_PWM_Init) for TIM3_PWM_Init
    main.o(i.World_Init) refers to drv_timer.o(i.TIM4_Init) for TIM4_Init
    main.o(i.World_Init) refers to drv_timer.o(i.TIM2_Init) for TIM2_Init
    main.o(i.World_Init) refers to drv_timer.o(i.TIM6_Init) for TIM6_Init
    main.o(i.World_Init) refers to drv_adc.o(i.JOY_ADC_Init) for JOY_ADC_Init
    main.o(i.World_Init) refers to drv_systick.o(i.delay_ms) for delay_ms
    main.o(i.World_Init) refers to bsp_led.o(i.Change_LED_Mode) for Change_LED_Mode
    main.o(i.World_Init) refers to drv_can.o(i.CAN1_Init) for CAN1_Init
    main.o(i.World_Init) refers to moto_demo.o(i.Moto_Init) for Moto_Init
    main.o(i.World_Init) refers to drv_timer.o(i.TIM5_Init) for TIM5_Init
    main.o(i.World_Init) refers to drv_adc.o(.bss) for ADC_Value_G
    main.o(i.main) refers to main.o(i.World_Init) for World_Init
    main.o(i.main) refers to drv_systick.o(i.delay_ms) for delay_ms
    main.o(i.main) refers to moto_demo.o(i.Moto_Task) for Moto_Task
    main.o(i.main) refers to moto_demo.o(i.PWM_Task) for PWM_Task
    system_stm32f10x.o(i.SetSysClock) refers to system_stm32f10x.o(i.SetSysClockTo72) for SetSysClockTo72
    system_stm32f10x.o(i.SystemCoreClockUpdate) refers to system_stm32f10x.o(.data) for SystemCoreClock
    system_stm32f10x.o(i.SystemInit) refers to system_stm32f10x.o(i.SetSysClock) for SetSysClock
    task.o(i.Bey_Bound_Deal) refers to stm32f10x_gpio.o(i.GPIO_SetBits) for GPIO_SetBits
    task.o(i.Bey_Bound_Deal) refers to stm32f10x_gpio.o(i.GPIO_ResetBits) for GPIO_ResetBits
    task.o(i.Bey_Bound_Deal) refers to bsp_key.o(.bss) for KEY_G
    task.o(i.Task_30ms) refers to gui.o(i.GUI_ADC_Updata) for GUI_ADC_Updata
    task.o(i.Task_30ms) refers to task.o(i.Bey_Bound_Deal) for Bey_Bound_Deal
    task.o(i.Task_30ms) refers to transmit.o(i.SX1278_Transmit) for SX1278_Transmit
    task.o(i.Task_500ms) refers to bsp_led.o(i.LED_Task) for LED_Task
    gui.o(i.GUI_ADC_Updata) refers to _printf_pad.o(.text) for _printf_pre_padding
    gui.o(i.GUI_ADC_Updata) refers to _printf_percent.o(.ARM.Collect$$_printf_percent$$00000000) for _printf_percent
    gui.o(i.GUI_ADC_Updata) refers to _printf_d.o(.ARM.Collect$$_printf_percent$$00000009) for _printf_d
    gui.o(i.GUI_ADC_Updata) refers to _printf_dec.o(.text) for _printf_int_dec
    gui.o(i.GUI_ADC_Updata) refers to noretval__2sprintf.o(.text) for __2sprintf
    gui.o(i.GUI_ADC_Updata) refers to bsp_oled.o(i.OLED_ShowChar) for OLED_ShowChar
    gui.o(i.GUI_ADC_Updata) refers to bsp_oled.o(i.OLED_ShowString) for OLED_ShowString
    gui.o(i.GUI_ADC_Updata) refers to drv_adc.o(.bss) for ADC_Value_G
    gui.o(i.GUI_ADC_Updata) refers to gui.o(.data) for str
    gui.o(i.GUI_Init) refers to bsp_oled.o(i.OLED_Init) for OLED_Init
    gui.o(i.GUI_Init) refers to bsp_oled.o(i.OLED_Display_On) for OLED_Display_On
    gui.o(i.GUI_Init) refers to bsp_oled.o(i.OLED_Clear) for OLED_Clear
    gui.o(i.GUI_Init) refers to bsp_oled.o(i.OLED_ShowString) for OLED_ShowString
    gui.o(i.GUI_Key_Updata) refers to bsp_oled.o(i.OLED_ShowChar) for OLED_ShowChar
    gui.o(i.GUI_Key_Updata) refers to gui.o(.data) for i
    gui.o(i.GUI_Key_Updata) refers to bsp_key.o(.bss) for KEY_G
    transmit.o(i.ASxx_param_init) refers to drv_uart.o(i.drv_uart_tx_bytes) for drv_uart_tx_bytes
    transmit.o(i.ASxx_param_init) refers to drv_uart.o(i.drv_uart_rx_bytes) for drv_uart_rx_bytes
    transmit.o(i.ASxx_param_init) refers to transmit.o(.constdata) for g_ASxx_Param_Config
    transmit.o(i.ASxx_read_param) refers to drv_uart.o(i.drv_uart_tx_bytes) for drv_uart_tx_bytes
    transmit.o(i.ASxx_read_param) refers to drv_uart.o(i.drv_uart_rx_bytes) for drv_uart_rx_bytes
    transmit.o(i.ASxx_read_version) refers to drv_uart.o(i.drv_uart_tx_bytes) for drv_uart_tx_bytes
    transmit.o(i.ASxx_read_version) refers to drv_uart.o(i.drv_uart_rx_bytes) for drv_uart_rx_bytes
[...]
    i.OLED_ShowString                        0x08002a50   Section        0  bsp_oled.o(i.OLED_ShowString)
    i.OLED_WR_Byte                           0x08002a8a   Section        0  bsp_oled.o(i.OLED_WR_Byte)
    i.PID_API_inputData_getOutputPosition    0x08002aa2   Section        0  pid.o(i.PID_API_inputData_getOutputPosition)
    i.PID_API_set_parameter                  0x08002ab8   Section        0  pid.o(i.PID_API_set_parameter)
    i.PID_API_set_reference                  0x08002b2c   Section        0  pid.o(i.PID_API_set_reference)
    i.PID_cal_positon_err                    0x08002b30   Section        0  pid.o(i.PID_cal_positon_err)
    i.PID_cal_positon_output                 0x08002b7e   Section        0  pid.o(i.PID_cal_positon_output)
    i.PID_t_data_clear                       0x08002c04   Section        0  pid.o(i.PID_t_data_clear)
    i.PWM_Task                               0x08002c18   Section        0  moto_demo.o(i.PWM_Task)
    i.PackDeal                               0x08002c78   Section        0  transmit.o(i.PackDeal)
    i.PendSV_Handler                         0x08002d70   Section        0  stm32f10x_it.o(i.PendSV_Handler)
    i.RCC_ADCCLKConfig                       0x08002d74   Section        0  stm32f10x_rcc.o(i.RCC_ADCCLKConfig)
    i.RCC_AHBPeriphClockCmd                  0x08002d8c   Section        0  stm32f10x_rcc.o(i.RCC_AHBPeriphClockCmd)
    i.RCC_APB1PeriphClockCmd                 0x08002dac   Section        0  stm32f10x_rcc.o(i.RCC_APB1PeriphClockCmd)
    i.RCC_APB1PeriphResetCmd                 0x08002dcc   Section        0  stm32f10x_rcc.o(i.RCC_APB1PeriphResetCmd)
    i.RCC_APB2PeriphClockCmd                 0x08002dec   Section        0  stm32f10x_rcc.o(i.RCC_APB2PeriphClockCmd)
    i.RCC_APB2PeriphResetCmd                 0x08002e0c   Section        0  stm32f10x_rcc.o(i.RCC_APB2PeriphResetCmd)
    i.RCC_GetClocksFreq                      0x08002e2c   Section        0  stm32f10x_rcc.o(i.RCC_GetClocksFreq)
    i.SVC_Handler                            0x08002f00   Section        0  stm32f10x_it.o(i.SVC_Handler)
    i.SX1278_Init                            0x08002f04   Section        0  transmit.o(i.SX1278_Init)
    i.SX1278_Transmit                        0x08002f54   Section        0  transmit.o(i.SX1278_Transmit)
    i.SetSysClock                            0x08002f98   Section        0  system_stm32f10x.o(i.SetSysClock)
    SetSysClock                              0x08002f99   Thumb Code     8  system_stm32f10x.o(i.SetSysClock)
    i.SetSysClockTo72                        0x08002fa0   Section        0  system_stm32f10x.o(i.SetSysClockTo72)
    SetSysClockTo72                          0x08002fa1   Thumb Code   214  system_stm32f10x.o(i.SetSysClockTo72)
    i.SysTick_Handler                        0x08003080   Section        0  drv_systick.o(i.SysTick_Handler)
    i.SysTick_Init                           0x08003098   Section        0  drv_systick.o(i.SysTick_Init)
    i.SystemInit                             0x080030c8   Section        0  system_stm32f10x.o(i.SystemInit)
    i.TIM2_IRQHandler                        0x08003128   Section        0  drv_timer.o(i.TIM2_IRQHandler)
    i.TIM2_Init                              0x0800314c   Section        0  drv_timer.o(i.TIM2_Init)
    i.TIM3_IRQHandler                        0x080031a8   Section        0  drv_timer.o(i.TIM3_IRQHandler)
    i.TIM3_PWM_Init                          0x080031c8   Section        0  drv_pwm.o(i.TIM3_PWM_Init)
    i.TIM4_Init                              0x08003268   Section        0  drv_timer.o(i.TIM4_Init)
    i.TIM5_IRQHandler                        0x080032d8   Section        0  drv_timer.o(i.TIM5_IRQHandler)
    i.TIM5_Init                              0x080032f8   Section        0  drv_timer.o(i.TIM5_Init)
    i.TIM6_IRQHandler                        0x08003358   Section        0  drv_timer.o(i.TIM6_IRQHandler)
    i.TIM6_Init                              0x08003378   Section        0  drv_timer.o(i.TIM6_Init)
    i.TIM_ARRPreloadConfig                   0x080033dc   Section        0  stm32f10x_tim.o(i.TIM_ARRPreloadConfig)
    i.TIM_ClearITPendingBit                  0x080033f4   Section        0  stm32f10x_tim.o(i.TIM_ClearITPendingBit)
    i.TIM_Cmd                                0x080033fa   Section        0  stm32f10x_tim.o(i.TIM_Cmd)
    i.TIM_GetITStatus                        0x08003412   Section        0  stm32f10x_tim.o(i.TIM_GetITStatus)
    i.TIM_ITConfig                           0x08003434   Section        0  stm32f10x_tim.o(i.TIM_ITConfig)
    i.TIM_OC1Init                            0x08003448   Section        0  stm32f10x_tim.o(i.TIM_OC1Init)
    i.TIM_OC1PreloadConfig                   0x080034e0   Section        0  stm32f10x_tim.o(i.TIM_OC1PreloadConfig)
    i.TIM_OC2Init                            0x080034f4   Section        0  stm32f10x_tim.o(i.TIM_OC2Init)
    i.TIM_OC2PreloadConfig                   0x08003598   Section        0  stm32f10x_tim.o(i.TIM_OC2PreloadConfig)
    i.TIM_OC4Init                            0x080035b4   Section        0  stm32f10x_tim.o(i.TIM_OC4Init)
    i.TIM_OC4PreloadConfig                   0x08003630   Section        0  stm32f10x_tim.o(i.TIM_OC4PreloadConfig)
    i.TIM_SetCompare1                        0x0800364a   Section        0  stm32f10x_tim.o(i.TIM_SetCompare1)
    i.TIM_SetCompare2                        0x0800364e   Section        0  stm32f10x_tim.o(i.TIM_SetCompare2)
    i.TIM_TimeBaseInit                       0x08003654   Section        0  stm32f10x_tim.o(i.TIM_TimeBaseInit)
    i.Task_1ms                               0x080036f8   Section        0  task.o(i.Task_1ms)
    i.Task_30ms                              0x080036fa   Section        0  task.o(i.Task_30ms)
    i.Task_500ms                             0x0800370a   Section        0  task.o(i.Task_500ms)
    i.UART3_Init                             0x08003714   Section        0  drv_uart.o(i.UART3_Init)
    i.USART1_IRQHandler                      0x0800379c   Section        0  drv_usart.o(i.USART1_IRQHandler)
    i.USART_Cmd                              0x08003824   Section        0  stm32f10x_usart.o(i.USART_Cmd)
    i.USART_GetFlagStatus                    0x0800383c   Section        0  stm32f10x_usart.o(i.USART_GetFlagStatus)
    i.USART_GetITStatus                      0x08003856   Section        0  stm32f10x_usart.o(i.USART_GetITStatus)
    i.USART_ITConfig                         0x080038aa   Section        0  stm32f10x_usart.o(i.USART_ITConfig)
    i.USART_Init                             0x080038f4   Section        0  stm32f10x_usart.o(i.USART_Init)
    i.USART_ReceiveData                      0x080039cc   Section        0  stm32f10x_usart.o(i.USART_ReceiveData)
    i.USB_LP_CAN1_RX0_IRQHandler             0x080039d8   Section        0  drv_can.o(i.USB_LP_CAN1_RX0_IRQHandler)
    i.UsageFault_Handler                     0x08003a30   Section        0  stm32f10x_it.o(i.UsageFault_Handler)
    i.World_Init                             0x08003a34   Section        0  main.o(i.World_Init)
    i.Write_IIC_Byte                         0x08003b30   Section        0  bsp_oled.o(i.Write_IIC_Byte)
    i.Write_IIC_Command                      0x08003b84   Section        0  bsp_oled.o(i.Write_IIC_Command)
    i.Write_IIC_Data                         0x08003bb0   Section        0  bsp_oled.o(i.Write_IIC_Data)
    i._is_digit                              0x08003bdc   Section        0  __printf_wp.o(i._is_digit)
    i._sys_exit                              0x08003bea   Section        0  drv_usart.o(i._sys_exit)
    i.absLimit                               0x08003bee   Section        0  user_math.o(i.absLimit)
    i.absLimit_int16                         0x08003c16   Section        0  user_math.o(i.absLimit_int16)
    i.delay_ms                               0x08003c34   Section        0  drv_systick.o(i.delay_ms)
    i.drv_uart_tx_bytes                      0x08003c78   Section        0  drv_uart.o(i.drv_uart_tx_bytes)
    i.fputc                                  0x08003ca8   Section        0  drv_usart.o(i.fputc)
    i.getKey                                 0x08003cc4   Section        0  bsp_key.o(i.getKey)
    i.key10Press                             0x08003d2c   Section        0  bsp_key.o(i.key10Press)
    i.key11Press                             0x08003d3c   Section        0  bsp_key.o(i.key11Press)
    i.key12Press                             0x08003d4c   Section        0  bsp_key.o(i.key12Press)
    i.key13Press                             0x08003d5c   Section        0  bsp_key.o(i.key13Press)
    i.key14Press                             0x08003d6c   Section        0  bsp_key.o(i.key14Press)
    i.key15Press                             0x08003d7c   Section        0  bsp_key.o(i.key15Press)
    i.key16Press                             0x08003d8c   Section        0  bsp_key.o(i.key16Press)
    i.key1Press                              0x08003d9c   Section        0  bsp_key.o(i.key1Press)
    i.key2Press                              0x08003dac   Section        0  bsp_key.o(i.key2Press)
    i.key3Press                              0x08003dbc   Section        0  bsp_key.o(i.key3Press)
    i.key4Press                              0x08003dcc   Section        0  bsp_key.o(i.key4Press)
    i.key5Press                              0x08003ddc   Section        0  bsp_key.o(i.key5Press)
    i.key6Press                              0x08003dec   Section        0  bsp_key.o(i.key6Press)
    i.key7Press                              0x08003dfc   Section        0  bsp_key.o(i.key7Press)
    i.key8Press                              0x08003e0c   Section        0  bsp_key.o(i.key8Press)
    i.key9Press                              0x08003e1c   Section        0  bsp_key.o(i.key9Press)
    i.keyHandle                              0x08003e2c   Section        0  bsp_key.o(i.keyHandle)
    i.keyInitOne                             0x08003e90   Section        0  bsp_key.o(i.keyInitOne)
    i.keyParaInit                            0x08003ee8   Section        0  bsp_key.o(i.keyParaInit)
    i.main                                   0x08003f64   Section        0  main.o(i.main)
    i.readKeyValue                           0x08003f80   Section        0  bsp_key.o(i.readKeyValue)
    i.uart_init                              0x08003fc4   Section        0  drv_usart.o(i.uart_init)
    i.wave_filter_median                     0x08004064   Section        0  wave_filter.o(i.wave_filter_median)
    i.wave_sort                              0x080040c4   Section        0  wave_filter.o(i.wave_sort)
    x$fpl$fadd                               0x0800410c   Section      196  faddsub_clz.o(x$fpl$fadd)
    _fadd1                                   0x0800411b   Thumb Code     0  faddsub_clz.o(x$fpl$fadd)
    x$fpl$fcmpinf                            0x080041d0   Section       24  fcmpi.o(x$fpl$fcmpinf)
    x$fpl$fdiv                               0x080041e8   Section      388  fdiv.o(x$fpl$fdiv)
    _fdiv1                                   0x080041e9   Thumb Code     0  fdiv.o(x$fpl$fdiv)
    x$fpl$ffix                               0x0800436c   Section       54  ffix.o(x$fpl$ffix)
    x$fpl$fflt                               0x080043a4   Section       48  fflt_clz.o(x$fpl$fflt)
    x$fpl$fleqf                              0x080043d4   Section      104  fleqf.o(x$fpl$fleqf)
    x$fpl$fmul                               0x0800443c   Section      258  fmul.o(x$fpl$fmul)
    x$fpl$fnaninf                            0x0800453e   Section      140  fnaninf.o(x$fpl$fnaninf)
    x$fpl$fretinf                            0x080045ca   Section       10  fretinf.o(x$fpl$fretinf)
    x$fpl$frleqf                             0x080045d4   Section       98  frleqf.o(x$fpl$frleqf)
    x$fpl$fsub                               0x08004638   Section      234  faddsub_clz.o(x$fpl$fsub)
    _fsub1                                   0x08004647   Thumb Code     0  faddsub_clz.o(x$fpl$fsub)
    .constdata                               0x08004722   Section     8152  bsp_oled.o(.constdata)
    x$fpl$usenofp                            0x08004722   Section        0  usenofp.o(x$fpl$usenofp)
    .data                                    0x20000000   Section       20  system_stm32f10x.o(.data)
    .data                                    0x20000014   Section        6  gui.o(.data)
    keyTotolNum                              0x20000014   Data           1  gui.o(.data)
    i                                        0x20000015   Data           1  gui.o(.data)
    str                                      0x20000016   Data           4  gui.o(.data)
    .data                                    0x2000001a   Section        3  transmit.o(.data)
    keyTotolNum                              0x2000001a   Data           1  transmit.o(.data)
    i                                        0x2000001b   Data           1  transmit.o(.data)
    i                                        0x2000001c   Data           1  transmit.o(.data)
    .data                                    0x2000001d   Section        2  moto_demo.o(.data)
    keyTotolNum                              0x2000001d   Data           1  moto_demo.o(.data)
    .data                                    0x2000001f   Section       20  stm32f10x_rcc.o(.data)
    APBAHBPrescTable                         0x2000001f   Data          16  stm32f10x_rcc.o(.data)
    ADCPrescTable                            0x2000002f   Data           4  stm32f10x_rcc.o(.data)
    .data                                    0x20000033   Section        1  drv_can.o(.data)
    .data                                    0x20000034   Section        4  drv_systick.o(.data)
    .data                                    0x20000038   Section        6  drv_usart.o(.data)
    .data                                    0x20000040   Section       34  bsp_robomodule.o(.data)
    .data                                    0x20000064   Section       16  bsp_key.o(.data)
    keyTotolNum                              0x20000064   Data           1  bsp_key.o(.data)
    key_total                                0x20000070   Data           1  bsp_key.o(.data)
    i                                        0x20000071   Data           1  bsp_key.o(.data)
    keyScanFlag                              0x20000072   Data           1  bsp_key.o(.data)
    keyCountTime                             0x20000073   Data           1  bsp_key.o(.data)
    .data                                    0x20000074   Section        1  bsp_led.o(.data)
    .bss                                     0x20000078   Section       20  transmit.o(.bss)
    .bss                                     0x2000008c   Section      148  moto_demo.o(.bss)
    .bss                                     0x20000120   Section      200  drv_usart.o(.bss)
    .bss                                     0x200001e8   Section      112  drv_adc.o(.bss)
    filter                                   0x20000212   Data          70  drv_adc.o(.bss)
    .bss                                     0x20000258   Section       16  bsp_robomodule.o(.bss)
    .bss                                     0x20000268   Section       96  bsp_esc.o(.bss)
    .bss                                     0x200002c8   Section      288  bsp_key.o(.bss)
    .bss                                     0x200003e8   Section       96  libspace.o(.bss)
    HEAP                                     0x20000448   Section      512  startup_stm32f10x_hd.o(HEAP)
    Heap_Mem                                 0x20000448   Data         512  startup_stm32f10x_hd.o(HEAP)
    STACK                                    0x20000648   Section     1024  startup_stm32f10x_hd.o(STACK)
    Stack_Mem                                0x20000648   Data        1024  startup_stm32f10x_hd.o(STACK)
    __initial_sp                             0x20000a48   Data           0  startup_stm32f10x_hd.o(STACK)

    Global Symbols

    Symbol Name                              Value     Ov Type        Size  Object(Section)

    BuildAttributes$$THM_ISAv4$P$D$K$B$S$PE$A:L22UL41UL21$X:L11$S22US41US21$IEEE1$IW$USESV6$~STKCKD$USESV7$~SHL$OSPACE$ROPI$EBA8$UX$STANDARDLIB$REQ8$PRES8$EABIv2 0x00000000   Number         0  anon$$obj.o ABSOLUTE
    __ARM_use_no_argv                        0x00000000   Number         0  main.o ABSOLUTE
    _printf_flags                            0x00000000   Number         0  printf_stubs.o ABSOLUTE
    _printf_return_value                     0x00000000   Number         0  printf_stubs.o ABSOLUTE
    _printf_sizespec                         0x00000000   Number         0  printf_stubs.o ABSOLUTE
    _printf_widthprec                        0x00000000   Number         0  printf_stubs.o ABSOLUTE
    __ARM_exceptions_init                     - Undefined Weak Reference
    __alloca_initialize                       - Undefined Weak Reference
    __arm_preinit_                            - Undefined Weak Reference
    __cpp_initialize__aeabi_                  - Undefined Weak Reference
    __cxa_finalize                            - Undefined Weak Reference
    __rt_locale                               - Undefined Weak Reference
    __sigvec_lookup                           - Undefined Weak Reference
    _atexit_init                              - Undefined Weak Reference
    _call_atexit_fns                          - Undefined Weak Reference
    _clock_init                               - Undefined Weak Reference
    _fp_trap_init                             - Undefined Weak Reference
    _fp_trap_shutdown                         - Undefined Weak Reference
    _get_lc_collate                           - Undefined Weak Reference
    _get_lc_ctype                             - Undefined Weak Reference
    _get_lc_monetary                          - Undefined Weak Reference
    _get_lc_numeric                           - Undefined Weak Reference
    _get_lc_time                              - Undefined Weak Reference
    _getenv_init                              - Undefined Weak Reference
    _handle_redirection                       - Undefined Weak Reference
    _init_alloc                               - Undefined Weak Reference
    _init_user_alloc                          - Undefined Weak Reference
    _initio                                   - Undefined Weak Reference
    _mutex_acquire                            - Undefined Weak Reference
    _mutex_release                            - Undefined Weak Reference
    _printf_truncate_signed                   - Undefined Weak Reference
    _printf_truncate_unsigned                 - Undefined Weak Reference
    _rand_init                                - Undefined Weak Reference
    _signal_finish                            - Undefined Weak Reference
    _signal_init                              - Undefined Weak Reference
    _terminate_alloc                          - Undefined Weak Reference
    _terminate_user_alloc                     - Undefined Weak Reference
    _terminateio                              - Undefined Weak Reference
    __Vectors_Size                           0x00000130   Number         0  startup_stm32f10x_hd.o ABSOLUTE
    __Vectors                                0x08000000   Data           4  startup_stm32f10x_hd.o(RESET)
    __Vectors_End                            0x08000130   Data           0  startup_stm32f10x_hd.o(RESET)
    __main                                   0x08000131   Thumb Code     8  __main.o(!!!main)
    __scatterload                            0x08000139   Thumb Code     0  __scatter.o(!!!scatter)
    __scatterload_rt2                        0x08000139   Thumb Code    44  __scatter.o(!!!scatter)
    __scatterload_rt2_thumb_only             0x08000139   Thumb Code     0  __scatter.o(!!!scatter)
    __scatterload_null                       0x08000147   Thumb Code     0  __scatter.o(!!!scatter)
    __scatterload_copy                       0x0800016d   Thumb Code    26  __scatter_copy.o(!!handler_copy)
    __scatterload_zeroinit                   0x08000189   Thumb Code    28  __scatter_zi.o(!!handler_zi)
    _printf_d                                0x080001a5   Thumb Code     0  _printf_d.o(.ARM.Collect$$_printf_percent$$00000009)
    _printf_percent                          0x080001a5   Thumb Code     0  _printf_percent.o(.ARM.Collect$$_printf_percent$$00000000)
    _printf_percent_end                      0x080001ab   Thumb Code     0  _printf_percent_end.o(.ARM.Collect$$_printf_percent$$00000017)
    __rt_lib_init                            0x080001af   Thumb Code     0  libinit.o(.ARM.Collect$$libinit$$00000000)
    __rt_lib_init_alloca_1                   0x080001b1   Thumb Code     0  libinit2.o(.ARM.Collect$$libinit$$0000002E)
    __rt_lib_init_argv_1                     0x080001b1   Thumb Code     0  libinit2.o(.ARM.Collect$$libinit$$0000002C)
    __rt_lib_init_atexit_1                   0x080001b1   Thumb Code     0  libinit2.o(.ARM.Collect$$libinit$$0000001B)
    __rt_lib_init_clock_1                    0x080001b1   Thumb Code     0  libinit2.o(.ARM.Collect$$libinit$$00000021)
    __rt_lib_init_cpp_1                      0x080001b1   Thumb Code     0  libinit2.o(.ARM.Collect$$libinit$$00000032)
    __rt_lib_init_exceptions_1               0x080001b1   Thumb Code     0  libinit2.o(.ARM.Collect$$libinit$$00000030)
    __rt_lib_init_fp_1                       0x080001b1   Thumb Code     0  libinit2.o(.ARM.Collect$$libinit$$00000002)
    __rt_lib_init_fp_trap_1                  0x080001b1   Thumb Code     0  libinit2.o(.ARM.Collect$$libinit$$0000001F)
    __rt_lib_init_getenv_1                   0x080001b1   Thumb Code     0  libinit2.o(.ARM.Collect$$libinit$$00000023)
    __rt_lib_init_heap_1                     0x080001b1   Thumb Code     0  libinit2.o(.ARM.Collect$$libinit$$0000000A)
    __rt_lib_init_lc_collate_1               0x080001b1   Thumb Code     0  libinit2.o(.ARM.Collect$$libinit$$00000011)
    __rt_lib_init_lc_ctype_1                 0x080001b1   Thumb Code     0  libinit2.o(.ARM.Collect$$libinit$$00000013)
    __rt_lib_init_lc_monetary_1              0x080001b1   Thumb Code     0  libinit2.o(.ARM.Collect$$libinit$$00000015)
    __rt_lib_init_lc_numeric_1               0x080001b1   Thumb Code     0  libinit2.o(.ARM.Collect$$libinit$$00000017)
    __rt_lib_init_lc_time_1                  0x080001b1   Thumb Code     0  libinit2.o(.ARM.Collect$$libinit$$00000019)
    __rt_lib_init_preinit_1                  0x080001b1   Thumb Code     0  libinit2.o(.ARM.Collect$$libinit$$00000004)
    __rt_lib_init_rand_1                     0x080001b1   Thumb Code     0  libinit2.o(.ARM.Collect$$libinit$$0000000E)
    __rt_lib_init_return                     0x080001b1   Thumb Code     0  libinit2.o(.ARM.Collect$$libinit$$00000033)
    __rt_lib_init_signal_1                   0x080001b1   Thumb Code     0  libinit2.o(.ARM.Collect$$libinit$$0000001D)
    __rt_lib_init_stdio_1                    0x080001b1   Thumb Code     0  libinit2.o(.ARM.Collect$$libinit$$00000025)
    __rt_lib_init_user_alloc_1               0x080001b1   Thumb Code     0  libinit2.o(.ARM.Collect$$libinit$$0000000C)
    __rt_lib_shutdown                        0x080001b3   Thumb Code     0  libshutdown.o(.ARM.Collect$$libshutdown$$00000000)
    __rt_lib_shutdown_fp_trap_1              0x080001b5   Thumb Code     0  libshutdown2.o(.ARM.Collect$$libshutdown$$00000006)
    __rt_lib_shutdown_heap_1                 0x080001b5   Thumb Code     0  libshutdown2.o(.ARM.Collect$$libshutdown$$0000000E)
    __rt_lib_shutdown_return                 0x080001b5   Thumb Code     0  libshutdown2.o(.ARM.Collect$$libshutdown$$0000000F)
    __rt_lib_shutdown_signal_1               0x080001b5   Thumb Code     0  libshutdown2.o(.ARM.Collect$$libshutdown$$00000009)
    __rt_lib_shutdown_stdio_1                0x080001b5   Thumb Code     0  libshutdown2.o(.ARM.Collect$$libshutdown$$00000003)
    __rt_lib_shutdown_user_alloc_1           0x080001b5   Thumb Code     0  libshutdown2.o(.ARM.Collect$$libshutdown$$0000000B)
    __rt_entry                               0x080001b7   Thumb Code     0  __rtentry.o(.ARM.Collect$$rtentry$$00000000)
    __rt_entry_presh_1                       0x080001b7   Thumb Code     0  __rtentry2.o(.ARM.Collect$$rtentry$$00000002)
    __rt_entry_sh                            0x080001b7   Thumb Code     0  __rtentry4.o(.ARM.Collect$$rtentry$$00000004)
    __rt_entry_li                            0x080001bd   Thumb Code     0  __rtentry2.o(.ARM.Collect$$rtentry$$0000000A)
    __rt_entry_postsh_1                      0x080001bd   Thumb Code     0  __rtentry2.o(.ARM.Collect$$rtentry$$00000009)
    __rt_entry_main                          0x080001c1   Thumb Code     0  __rtentry2.o(.ARM.Collect$$rtentry$$0000000D)
    __rt_entry_postli_1                      0x080001c1   Thumb Code     0  __rtentry2.o(.ARM.Collect$$rtentry$$0000000C)
    __rt_exit                                0x080001c9   Thumb Code     0  rtexit.o(.ARM.Collect$$rtexit$$00000000)
    __rt_exit_ls                             0x080001cb   Thumb Code     0  rtexit2.o(.ARM.Collect$$rtexit$$00000003)
    __rt_exit_prels_1                        0x080001cb   Thumb Code     0  rtexit2.o(.ARM.Collect$$rtexit$$00000002)
    __rt_exit_exit                           0x080001cf   Thumb Code     0  rtexit2.o(.ARM.Collect$$rtexit$$00000004)
    Reset_Handler                            0x080001d5   Thumb Code     4  startup_stm32f10x_hd.o(.text)
    ADC1_2_IRQHandler                        0x080001eb   Thumb Code     0  startup_stm32f10x_hd.o(.text)
    ADC3_IRQHandler                          0x080001eb   Thumb Code     0  startup_stm32f10x_hd.o(.text)
    CAN1_RX1_IRQHandler                      0x080001eb   Thumb Code     0  startup_stm32f10x_hd.o(.text)
    CAN1_SCE_IRQHandler                      0x080001eb   Thumb Code     0  startup_stm32f10x_hd.o(.text)
    DMA1_Channel2_IRQHandler                 0x080001eb   Thumb Code     0  startup_stm32f10x_hd.o(.text)
    DMA1_Channel3_IRQHandler                 0x080001eb   Thumb Code     0  startup_stm32f10x_hd.o(.text)
    DMA1_Channel4_IRQHandler                 0x080001eb   Thumb Code     0  startup_stm32f10x_hd.o(.text)
    DMA1_Channel5_IRQHandler                 0x080001eb   Thumb Code     0  startup_stm32f10x_hd.o(.text)
    DMA1_Channel6_IRQHandler                 0x080001eb   Thumb Code     0  startup_stm32f10x_hd.o(.text)
    DMA1_Channel7_IRQHandler                 0x080001eb   Thumb Code     0  startup_stm32f10x_hd.o(.text)
    DMA2_Channel1_IRQHandler                 0x080001eb   Thumb Code     0  startup_stm32f10x_hd.o(.text)
    DMA2_Channel2_IRQHandler                 0x080001eb   Thumb Code     0  startup_stm32f10x_hd.o(.text)
    DMA2_Channel3_IRQHandler                 0x080001eb   Thumb Code     0  startup_stm32f10x_hd.o(.text)
    DMA2_Channel4_5_IRQHandler               0x080001eb   Thumb Code     0  startup_stm32f10x_hd.o(.text)
    EXTI0_IRQHandler                         0x080001eb   Thumb Code     0  startup_stm32f10x_hd.o(.text)
    EXTI15_10_IRQHandler                     0x080001eb   Thumb Code     0  startup_stm32f10x_hd.o(.text)
    EXTI1_IRQHandler                         0x080001eb   Thumb Code     0  startup_stm32f10x_hd.o(.text)
    EXTI2_IRQHandler                         0x080001eb   Thumb Code     0  startup_stm32f10x_hd.o(.text)
    EXTI3_IRQHandler                         0x080001eb   Thumb Code     0  startup_stm32f10x_hd.o(.text)
    EXTI4_IRQHandler                         0x080001eb   Thumb Code     0  startup_stm32f10x_hd.o(.text)
    EXTI9_5_IRQHandler                       0x080001eb   Thumb Code     0  startup_stm32f10x_hd.o(.text)
    FLASH_IRQHandler                         0x080001eb   Thumb Code     0  startup_stm32f10x_hd.o(.text)
    FSMC_IRQHandler                          0x080001eb   Thumb Code     0  startup_stm32f10x_hd.o(.text)
    I2C1_ER_IRQHandler                       0x080001eb   Thumb Code     0  startup_stm32f10x_hd.o(.text)
    I2C1_EV_IRQHandler                       0x080001eb   Thumb Code     0  startup_stm32f10x_hd.o(.text)
    I2C2_ER_IRQHandler                       0x080001eb   Thumb Code     0  startup_stm32f10x_hd.o(.text)
    I2C2_EV_IRQHandler                       0x080001eb   Thumb Code     0  startup_stm32f10x_hd.o(.text)
    PVD_IRQHandler                           0x080001eb   Thumb Code     0  startup_stm32f10x_hd.o(.text)
    RCC_IRQHandler                           0x080001eb   Thumb Code     0  startup_stm32f10x_hd.o(.text)
    RTCAlarm_IRQHandler                      0x080001eb   Thumb Code     0  startup_stm32f10x_hd.o(.text)
    RTC_IRQHandler                           0x080001eb   Thumb Code     0  startup_stm32f10x_hd.o(.text)
    SDIO_IRQHandler                          0x080001eb   Thumb Code     0  startup_stm32f10x_hd.o(.text)
    SPI1_IRQHandler                          0x080001eb   Thumb Code     0  startup_stm32f10x_hd.o(.text)
    SPI2_IRQHandler                          0x080001eb   Thumb Code     0  startup_stm32f10x_hd.o(.text)
    SPI3_IRQHandler                          0x080001eb   Thumb Code     0  startup_stm32f10x_hd.o(.text)
    TAMPER_IRQHandler                        0x080001eb   Thumb Code     0  startup_stm32f10x_hd.o(.text)
    TIM1_BRK_IRQHandler                      0x080001eb   Thumb Code     0  startup_stm32f10x_hd.o(.text)
    TIM1_CC_IRQHandler                       0x080001eb   Thumb Code     0  startup_stm32f10x_hd.o(.text)
    TIM1_TRG_COM_IRQHandler                  0x080001eb   Thumb Code     0  startup_stm32f10x_hd.o(.text)
    TIM1_UP_IRQHandler                       0x080001eb   Thumb Code     0  startup_stm32f10x_hd.o(.text)
    TIM4_IRQHandler                          0x080001eb   Thumb Code     0  startup_stm32f10x_hd.o(.text)
    TIM7_IRQHandler                          0x080001eb   Thumb Code     0  startup_stm32f10x_hd.o(.text)
    TIM8_BRK_IRQHandler                      0x080001eb   Thumb Code     0  startup_stm32f10x_hd.o(.text)
    TIM8_CC_IRQHandler                       0x080001eb   Thumb Code     0  startup_stm32f10x_hd.o(.text)
    TIM8_TRG_COM_IRQHandler                  0x080001eb   Thumb Code     0  startup_stm32f10x_hd.o(.text)
    TIM8_UP_IRQHandler                       0x080001eb   Thumb Code     0  startup_stm32f10x_hd.o(.text)
    UART4_IRQHandler                         0x080001eb   Thumb Code     0  startup_stm32f10x_hd.o(.text)
    UART5_IRQHandler                         0x080001eb   Thumb Code     0  startup_stm32f10x_hd.o(.text)
    USART2_IRQHandler                        0x080001eb   Thumb Code     0  startup_stm32f10x_hd.o(.text)
    USART3_IRQHandler                        0x080001eb   Thumb Code     0  startup_stm32f10x_hd.o(.text)
    USBWakeUp_IRQHandler                     0x080001eb   Thumb Code     0  startup_stm32f10x_hd.o(.text)
    USB_HP_CAN1_TX_IRQHandler                0x080001eb   Thumb Code     0  startup_stm32f10x_hd.o(.text)
    WWDG_IRQHandler                          0x080001eb   Thumb Code     0  startup_stm32f10x_hd.o(.text)
    __user_initial_stackheap                 0x080001ed   Thumb Code     0  startup_stm32f10x_hd.o(.text)
    __use_no_semihosting                     0x0800020d   Thumb Code     2  use_no_semi_2.o(.text)
    __2printf                                0x08000211   Thumb Code    20  noretval__2printf.o(.text)
    __2sprintf                               0x08000229   Thumb Code    34  noretval__2sprintf.o(.text)
    _printf_pre_padding                      0x08000251   Thumb Code    44  _printf_pad.o(.text)
    _printf_post_padding                     0x0800027d   Thumb Code    34  _printf_pad.o(.text)
    _printf_int_dec                          0x080002a1   Thumb Code   104  _printf_dec.o(.text)
    __printf                                 0x08000319   Thumb Code   270  __printf_wp.o(.text)
    __aeabi_memcpy                           0x08000427   Thumb Code     0  rt_memcpy_v6.o(.text)
    __rt_memcpy                              0x08000427   Thumb Code   138  rt_memcpy_v6.o(.text)
    _memcpy_lastbytes                        0x0800048d   Thumb Code     0  rt_memcpy_v6.o(.text)
    __use_two_region_memory                  0x080004b1   Thumb Code     2  heapauxi.o(.text)
    __rt_heap_escrow$2region                 0x080004b3   Thumb Code     2  heapauxi.o(.text)
    __rt_heap_expand$2region                 0x080004b5   Thumb Code     2  heapauxi.o(.text)
    __I$use$semihosting                      0x080004b7   Thumb Code     0  use_no_semi.o(.text)
    __use_no_semihosting_swi                 0x080004b7   Thumb Code     2  use_no_semi.o(.text)
    _printf_int_common                       0x080004b9   Thumb Code   178  _printf_intcommon.o(.text)
    _printf_char_common                      0x08000577   Thumb Code    32  _printf_char_common.o(.text)
    _sputc                                   0x0800059d   Thumb Code    10  _sputc.o(.text)
    _printf_char_file                        0x080005a9   Thumb Code    32  _printf_char_file.o(.text)
    __aeabi_memcpy4                          0x080005cd   Thumb Code     0  rt_memcpy_w.o(.text)
    __aeabi_memcpy8                          0x080005cd   Thumb Code     0  rt_memcpy_w.o(.text)
    __rt_memcpy_w                            0x080005cd   Thumb Code   100  rt_memcpy_w.o(.text)
    _memcpy_lastbytes_aligned                0x08000615   Thumb Code     0  rt_memcpy_w.o(.text)
    ferror                                   0x08000631   Thumb Code     8  ferror.o(.text)
    __user_setup_stackheap                   0x08000639   Thumb Code    74  sys_stackheap_outer.o(.text)
    exit                                     0x08000683   Thumb Code    12  exit.o(.text)
    __user_libspace                          0x08000691   Thumb Code     8  libspace.o(.text)
    __user_perproc_libspace                  0x08000691   Thumb Code     0  libspace.o(.text)
    __user_perthread_libspace                0x08000691   Thumb Code     0  libspace.o(.text)
    ADC_Cmd                                  0x08000699   Thumb Code    22  stm32f10x_adc.o(i.ADC_Cmd)
    ADC_DMACmd                               0x080006af   Thumb Code    22  stm32f10x_adc.o(i.ADC_DMACmd)
    ADC_DeInit                               0x080006c5   Thumb Code    78  stm32f10x_adc.o(i.ADC_DeInit)
    ADC_ExternalTrigConvCmd                  0x08000721   Thumb Code    22  stm32f10x_adc.o(i.ADC_ExternalTrigConvCmd)
    ADC_GetCalibrationStatus                 0x08000737   Thumb Code    20  stm32f10x_adc.o(i.ADC_GetCalibrationStatus)
    ADC_GetResetCalibrationStatus            0x0800074b   Thumb Code    20  stm32f10x_adc.o(i.ADC_GetResetCalibrationStatus)
    ADC_Init                                 0x08000761   Thumb Code    70  stm32f10x_adc.o(i.ADC_Init)
    ADC_RegularChannelConfig                 0x080007b1   Thumb Code   184  stm32f10x_adc.o(i.ADC_RegularChannelConfig)
    ADC_ResetCalibration                     0x08000869   Thumb Code    10  stm32f10x_adc.o(i.ADC_ResetCalibration)
    ADC_StartCalibration                     0x08000873   Thumb Code    10  stm32f10x_adc.o(i.ADC_StartCalibration)
    Bey_Bound_Deal                           0x0800087d   Thumb Code   100  task.o(i.Bey_Bound_Deal)
    BusFault_Handler                         0x080008e9   Thumb Code     4  stm32f10x_it.o(i.BusFault_Handler)
    C620_GetMotorInfo                        0x080008ed   Thumb Code   178  bsp_esc.o(i.C620_GetMotorInfo)
    C620_SendCurrentVal                      0x080009cd   Thumb Code   124  bsp_esc.o(i.C620_SendCurrentVal)
    CAN1_Init                                0x08000a4d   Thumb Code   254  drv_can.o(i.CAN1_Init)
    CAN1_RX0_Int                             0x08000b55   Thumb Code   484  bsp_robomodule.o(i.CAN1_RX0_Int)
    CAN_ClearFlag                            0x08000d51   Thumb Code    52  stm32f10x_can.o(i.CAN_ClearFlag)
    CAN_ClearITPendingBit                    0x08000d89   Thumb Code   162  stm32f10x_can.o(i.CAN_ClearITPendingBit)
    CAN_DeInit                               0x08000e31   Thumb Code    50  stm32f10x_can.o(i.CAN_DeInit)
    CAN_FilterInit                           0x08000e85   Thumb Code   258  stm32f10x_can.o(i.CAN_FilterInit)
    CAN_GetITStatus                          0x08000f8d   Thumb Code   284  stm32f10x_can.o(i.CAN_GetITStatus)
    CAN_ITConfig                             0x080010ad   Thumb Code    18  stm32f10x_can.o(i.CAN_ITConfig)
    CAN_Init                                 0x080010bf   Thumb Code   276  stm32f10x_can.o(i.CAN_Init)
    CAN_Receive                              0x080011d3   Thumb Code   240  stm32f10x_can.o(i.CAN_Receive)
    CAN_RoboModule_DRV_Config                0x080012c5   Thumb Code   154  bsp_robomodule.o(i.CAN_RoboModule_DRV_Config)
    CAN_RoboModule_DRV_Mode_Choice           0x0800136d   Thumb Code   148  bsp_robomodule.o(i.CAN_RoboModule_DRV_Mode_Choice)
    CAN_RoboModule_DRV_Reset                 0x0800140d   Thumb Code   148  bsp_robomodule.o(i.CAN_RoboModule_DRV_Reset)
    CAN_RoboModule_DRV_Velocity_Mode         0x080014ad   Thumb Code   196  bsp_robomodule.o(i.CAN_RoboModule_DRV_Velocity_Mode)
    CAN_StructInit                           0x08001581   Thumb Code    32  stm32f10x_can.o(i.CAN_StructInit)
    CAN_Transmit                             0x080015a1   Thumb Code   294  stm32f10x_can.o(i.CAN_Transmit)
    Change_Can_Use                           0x080016c9   Thumb Code     6  drv_can.o(i.Change_Can_Use)
    Change_LED_Mode                          0x080016d5   Thumb Code     6  bsp_led.o(i.Change_LED_Mode)
    DMA1_Channel1_IRQHandler                 0x080016f3   Thumb Code    24  drv_adc.o(i.DMA1_Channel1_IRQHandler)
    DMA_ClearITPendingBit                    0x0800170d   Thumb Code    18  stm32f10x_dma.o(i.DMA_ClearITPendingBit)
    DMA_Cmd                                  0x08001729   Thumb Code    24  stm32f10x_dma.o(i.DMA_Cmd)
    DMA_DeInit                               0x08001741   Thumb Code   324  stm32f10x_dma.o(i.DMA_DeInit)
    DMA_GetITStatus                          0x0800188d   Thumb Code    36  stm32f10x_dma.o(i.DMA_GetITStatus)
    DMA_ITConfig                             0x080018b9   Thumb Code    18  stm32f10x_dma.o(i.DMA_ITConfig)
    DMA_Init                                 0x080018cb   Thumb Code    60  stm32f10x_dma.o(i.DMA_Init)
    DebugMon_Handler                         0x08001907   Thumb Code     2  stm32f10x_it.o(i.DebugMon_Handler)
    GPIOC_Init                               0x08001909   Thumb Code    46  drv_gpio.o(i.GPIOC_Init)
    GPIO_Init                                0x0800193d   Thumb Code   278  stm32f10x_gpio.o(i.GPIO_Init)
    GPIO_PinRemapConfig                      0x08001a55   Thumb Code   138  stm32f10x_gpio.o(i.GPIO_PinRemapConfig)
    GPIO_ReadInputDataBit                    0x08001ae5   Thumb Code    18  stm32f10x_gpio.o(i.GPIO_ReadInputDataBit)
    GPIO_ResetBits                           0x08001af7   Thumb Code     4  stm32f10x_gpio.o(i.GPIO_ResetBits)
    GPIO_SetBits                             0x08001afb   Thumb Code     4  stm32f10x_gpio.o(i.GPIO_SetBits)
    GUI_ADC_Updata                           0x08001b01   Thumb Code   234  gui.o(i.GUI_ADC_Updata)
    GUI_Init                                 0x08001bf9   Thumb Code   136  gui.o(i.GUI_Init)
    GUI_Key_Updata                           0x08001cbd   Thumb Code   110  gui.o(i.GUI_Key_Updata)
    G_IS_BIT_SET                             0x08001d35   Thumb Code    18  bsp_key.o(i.G_IS_BIT_SET)
    G_RESET_BIT                              0x08001d47   Thumb Code    28  bsp_key.o(i.G_RESET_BIT)
    G_SET_BIT                                0x08001d63   Thumb Code    12  bsp_key.o(i.G_SET_BIT)
    HardFault_Handler                        0x08001d6f   Thumb Code     4  stm32f10x_it.o(i.HardFault_Handler)
    IIC_Start                                0x08001d75   Thumb Code    36  bsp_oled.o(i.IIC_Start)
    IIC_Stop                                 0x08001d9d   Thumb Code    28  bsp_oled.o(i.IIC_Stop)
    IIC_Wait_Ack                             0x08001dbd   Thumb Code    20  bsp_oled.o(i.IIC_Wait_Ack)
    JOY_ADC_Calibration                      0x08001dd5   Thumb Code   390  drv_adc.o(i.JOY_ADC_Calibration)
    JOY_ADC_Init                             0x08001f6d   Thumb Code   342  drv_adc.o(i.JOY_ADC_Init)
    Key_Init                                 0x080020d5   Thumb Code   484  bsp_key.o(i.Key_Init)
    Key_Pro                                  0x08002309   Thumb Code    50  bsp_key.o(i.Key_Pro)
    LED_Init                                 0x08002345   Thumb Code    60  bsp_led.o(i.LED_Init)
    LED_Task                                 0x08002385   Thumb Code    86  bsp_led.o(i.LED_Task)
    MemManage_Handler                        0x080023e9   Thumb Code     4  stm32f10x_it.o(i.MemManage_Handler)
    Moto_API_Cal_GetCurrentVelocityMode      0x080023ed   Thumb Code    50  moto_control.o(i.Moto_API_Cal_GetCurrentVelocityMode)
    Moto_API_PID_Init                        0x08002421   Thumb Code    96  moto_control.o(i.Moto_API_PID_Init)
    Moto_API_PID_Init_C610                   0x080024a9   Thumb Code    92  moto_control.o(i.Moto_API_PID_Init_C610)
    Moto_API_PID_Init_C620                   0x0800252d   Thumb Code    12  moto_control.o(i.Moto_API_PID_Init_C620)
    Moto_API_SetMotoInfo                     0x08002539   Thumb Code    10  moto_control.o(i.Moto_API_SetMotoInfo)
    Moto_Init                                0x08002545   Thumb Code   128  moto_demo.o(i.Moto_Init)
    Moto_Task                                0x080025cd   Thumb Code   412  moto_demo.o(i.Moto_Task)
    NMI_Handler                              0x08002791   Thumb Code     2  stm32f10x_it.o(i.NMI_Handler)
    NVIC_Init                                0x08002795   Thumb Code   100  misc.o(i.NVIC_Init)
    NVIC_PriorityGroupConfig                 0x08002805   Thumb Code    10  misc.o(i.NVIC_PriorityGroupConfig)
    OLED_Clear                               0x08002819   Thumb Code    62  bsp_oled.o(i.OLED_Clear)
    OLED_Display_On                          0x08002857   Thumb Code    28  bsp_oled.o(i.OLED_Display_On)
    OLED_Init                                0x08002875   Thumb Code   268  bsp_oled.o(i.OLED_Init)
    OLED_Set_Pos                             0x08002985   Thumb Code    40  bsp_oled.o(i.OLED_Set_Pos)
    OLED_ShowChar                            0x080029ad   Thumb Code   154  bsp_oled.o(i.OLED_ShowChar)
    OLED_ShowString                          0x08002a51   Thumb Code    58  bsp_oled.o(i.OLED_ShowString)
    OLED_WR_Byte                             0x08002a8b   Thumb Code    24  bsp_oled.o(i.OLED_WR_Byte)
    PID_API_inputData_getOutputPosition      0x08002aa3   Thumb Code    22  pid.o(i.PID_API_inputData_getOutputPosition)
    PID_API_set_parameter                    0x08002ab9   Thumb Code   116  pid.o(i.PID_API_set_parameter)
    PID_API_set_reference                    0x08002b2d   Thumb Code     4  pid.o(i.PID_API_set_reference)
    PID_cal_positon_err                      0x08002b31   Thumb Code    78  pid.o(i.PID_cal_positon_err)
    PID_cal_positon_output                   0x08002b7f   Thumb Code   134  pid.o(i.PID_cal_positon_output)
    PID_t_data_clear                         0x08002c05   Thumb Code    18  pid.o(i.PID_t_data_clear)
    PWM_Task                                 0x08002c19   Thumb Code    84  moto_demo.o(i.PWM_Task)
    PackDeal                                 0x08002c79   Thumb Code   232  transmit.o(i.PackDeal)
    PendSV_Handler                           0x08002d71   Thumb Code     2  stm32f10x_it.o(i.PendSV_Handler)
    RCC_ADCCLKConfig                         0x08002d75   Thumb Code    18  stm32f10x_rcc.o(i.RCC_ADCCLKConfig)
    RCC_AHBPeriphClockCmd                    0x08002d8d   Thumb Code    26  stm32f10x_rcc.o(i.RCC_AHBPeriphClockCmd)
    RCC_APB1PeriphClockCmd                   0x08002dad   Thumb Code    26  stm32f10x_rcc.o(i.RCC_APB1PeriphClockCmd)
    RCC_APB1PeriphResetCmd                   0x08002dcd   Thumb Code    26  stm32f10x_rcc.o(i.RCC_APB1PeriphResetCmd)
    RCC_APB2PeriphClockCmd                   0x08002ded   Thumb Code    26  stm32f10x_rcc.o(i.RCC_APB2PeriphClockCmd)
    RCC_APB2PeriphResetCmd                   0x08002e0d   Thumb Code    26  stm32f10x_rcc.o(i.RCC_APB2PeriphResetCmd)
    RCC_GetClocksFreq                        0x08002e2d   Thumb Code   192  stm32f10x_rcc.o(i.RCC_GetClocksFreq)
    SVC_Handler                              0x08002f01   Thumb Code     2  stm32f10x_it.o(i.SVC_Handler)
    SX1278_Init                              0x08002f05   Thumb Code    70  transmit.o(i.SX1278_Init)
    SX1278_Transmit                          0x08002f55   Thumb Code    56  transmit.o(i.SX1278_Transmit)
    SysTick_Handler                          0x08003081   Thumb Code    18  drv_systick.o(i.SysTick_Handler)
    SysTick_Init                             0x08003099   Thumb Code    38  drv_systick.o(i.SysTick_Init)
    SystemInit                               0x080030c9   Thumb Code    78  system_stm32f10x.o(i.SystemInit)
    TIM2_IRQHandler                          0x08003129   Thumb Code    32  drv_timer.o(i.TIM2_IRQHandler)
    TIM2_Init                                0x0800314d   Thumb Code    92  drv_timer.o(i.TIM2_Init)
    TIM3_IRQHandler                          0x080031a9   Thumb Code    26  drv_timer.o(i.TIM3_IRQHandler)
    TIM3_PWM_Init                            0x080031c9   Thumb Code   146  drv_pwm.o(i.TIM3_PWM_Init)
    TIM4_Init                                0x08003269   Thumb Code   108  drv_timer.o(i.TIM4_Init)
    TIM5_IRQHandler                          0x080032d9   Thumb Code    26  drv_timer.o(i.TIM5_IRQHandler)
    TIM5_Init                                0x080032f9   Thumb Code    92  drv_timer.o(i.TIM5_Init)
    TIM6_IRQHandler                          0x08003359   Thumb Code    26  drv_timer.o(i.TIM6_IRQHandler)
    TIM6_Init                                0x08003379   Thumb Code    94  drv_timer.o(i.TIM6_Init)
    TIM_ARRPreloadConfig                     0x080033dd   Thumb Code    24  stm32f10x_tim.o(i.TIM_ARRPreloadConfig)
    TIM_ClearITPendingBit                    0x080033f5   Thumb Code     6  stm32f10x_tim.o(i.TIM_ClearITPendingBit)
    TIM_Cmd                                  0x080033fb   Thumb Code    24  stm32f10x_tim.o(i.TIM_Cmd)
    TIM_GetITStatus                          0x08003413   Thumb Code    34  stm32f10x_tim.o(i.TIM_GetITStatus)
    TIM_ITConfig                             0x08003435   Thumb Code    18  stm32f10x_tim.o(i.TIM_ITConfig)
    TIM_OC1Init                              0x08003449   Thumb Code   132  stm32f10x_tim.o(i.TIM_OC1Init)
    TIM_OC1PreloadConfig                     0x080034e1   Thumb Code    18  stm32f10x_tim.o(i.TIM_OC1PreloadConfig)
    TIM_OC2Init                              0x080034f5   Thumb Code   154  stm32f10x_tim.o(i.TIM_OC2Init)
    TIM_OC2PreloadConfig                     0x08003599   Thumb Code    26  stm32f10x_tim.o(i.TIM_OC2PreloadConfig)
    TIM_OC4Init                              0x080035b5   Thumb Code   114  stm32f10x_tim.o(i.TIM_OC4Init)
    TIM_OC4PreloadConfig                     0x08003631   Thumb Code    26  stm32f10x_tim.o(i.TIM_OC4PreloadConfig)
    TIM_SetCompare1                          0x0800364b   Thumb Code     4  stm32f10x_tim.o(i.TIM_SetCompare1)
    TIM_SetCompare2                          0x0800364f   Thumb Code     4  stm32f10x_tim.o(i.TIM_SetCompare2)
    TIM_TimeBaseInit                         0x08003655   Thumb Code   122  stm32f10x_tim.o(i.TIM_TimeBaseInit)
    Task_1ms                                 0x080036f9   Thumb Code     2  task.o(i.Task_1ms)
    Task_30ms                                0x080036fb   Thumb Code    16  task.o(i.Task_30ms)
    Task_500ms                               0x0800370b   Thumb Code     8  task.o(i.Task_500ms)
    UART3_Init                               0x08003715   Thumb Code   128  drv_uart.o(i.UART3_Init)
    USART1_IRQHandler                        0x0800379d   Thumb Code   122  drv_usart.o(i.USART1_IRQHandler)
    USART_Cmd                                0x08003825   Thumb Code    24  stm32f10x_usart.o(i.USART_Cmd)
    USART_GetFlagStatus                      0x0800383d   Thumb Code    26  stm32f10x_usart.o(i.USART_GetFlagStatus)
    USART_GetITStatus                        0x08003857   Thumb Code    84  stm32f10x_usart.o(i.USART_GetITStatus)
    USART_ITConfig                           0x080038ab   Thumb Code    74  stm32f10x_usart.o(i.USART_ITConfig)
    USART_Init                               0x080038f5   Thumb Code   210  stm32f10x_usart.o(i.USART_Init)
    USART_ReceiveData                        0x080039cd   Thumb Code    10  stm32f10x_usart.o(i.USART_ReceiveData)
    USB_LP_CAN1_RX0_IRQHandler               0x080039d9   Thumb Code    80  drv_can.o(i.USB_LP_CAN1_RX0_IRQHandler)
    UsageFault_Handler                       0x08003a31   Thumb Code     4  stm32f10x_it.o(i.UsageFault_Handler)
    World_Init                               0x08003a35   Thumb Code   226  main.o(i.World_Init)
    Write_IIC_Byte                           0x08003b31   Thumb Code    80  bsp_oled.o(i.Write_IIC_Byte)
    Write_IIC_Command                        0x08003b85   Thumb Code    44  bsp_oled.o(i.Write_IIC_Command)
    Write_IIC_Data                           0x08003bb1   Thumb Code    44  bsp_oled.o(i.Write_IIC_Data)
    _is_digit                                0x08003bdd   Thumb Code    14  __printf_wp.o(i._is_digit)
    _sys_exit                                0x08003beb   Thumb Code     4  drv_usart.o(i._sys_exit)
    absLimit                                 0x08003bef   Thumb Code    40  user_math.o(i.absLimit)
    absLimit_int16                           0x08003c17   Thumb Code    28  user_math.o(i.absLimit_int16)
    delay_ms                                 0x08003c35   Thumb Code    62  drv_systick.o(i.delay_ms)
    drv_uart_tx_bytes                        0x08003c79   Thumb Code    44  drv_uart.o(i.drv_uart_tx_bytes)
    fputc                                    0x08003ca9   Thumb Code    24  drv_usart.o(i.fputc)
    getKey                                   0x08003cc5   Thumb Code   100  bsp_key.o(i.getKey)
    key10Press                               0x08003d2d   Thumb Code    12  bsp_key.o(i.key10Press)
    key11Press                               0x08003d3d   Thumb Code    12  bsp_key.o(i.key11Press)
    key12Press                               0x08003d4d   Thumb Code    12  bsp_key.o(i.key12Press)
    key13Press                               0x08003d5d   Thumb Code    12  bsp_key.o(i.key13Press)
    key14Press                               0x08003d6d   Thumb Code    12  bsp_key.o(i.key14Press)
    key15Press                               0x08003d7d   Thumb Code    12  bsp_key.o(i.key15Press)
    key16Press                               0x08003d8d   Thumb Code    12  bsp_key.o(i.key16Press)
    key1Press                                0x08003d9d   Thumb Code    12  bsp_key.o(i.key1Press)
    key2Press                                0x08003dad   Thumb Code    12  bsp_key.o(i.key2Press)
    key3Press                                0x08003dbd   Thumb Code    12  bsp_key.o(i.key3Press)
    key4Press                                0x08003dcd   Thumb Code    12  bsp_key.o(i.key4Press)
    key5Press                                0x08003ddd   Thumb Code    12  bsp_key.o(i.key5Press)
    key6Press                                0x08003ded   Thumb Code    12  bsp_key.o(i.key6Press)
    key7Press                                0x08003dfd   Thumb Code    12  bsp_key.o(i.key7Press)
    key8Press                                0x08003e0d   Thumb Code    12  bsp_key.o(i.key8Press)
    key9Press                                0x08003e1d   Thumb Code    12  bsp_key.o(i.key9Press)
    keyHandle                                0x08003e2d   Thumb Code    94  bsp_key.o(i.keyHandle)
    keyInitOne                               0x08003e91   Thumb Code    78  bsp_key.o(i.keyInitOne)
    keyParaInit                              0x08003ee9   Thumb Code   118  bsp_key.o(i.keyParaInit)
    main                                     0x08003f65   Thumb Code    26  main.o(i.main)
    readKeyValue                             0x08003f81   Thumb Code    60  bsp_key.o(i.readKeyValue)
    uart_init                                0x08003fc5   Thumb Code   152  drv_usart.o(i.uart_init)
    wave_filter_median                       0x08004065   Thumb Code    96  wave_filter.o(i.wave_filter_median)
    wave_sort                                0x080040c5   Thumb Code    72  wave_filter.o(i.wave_sort)
    __aeabi_fadd                             0x0800410d   Thumb Code     0  faddsub_clz.o(x$fpl$fadd)
    _fadd                                    0x0800410d   Thumb Code   196  faddsub_clz.o(x$fpl$fadd)
    __fpl_fcmp_Inf                           0x080041d1   Thumb Code    24  fcmpi.o(x$fpl$fcmpinf)
    __aeabi_fdiv                             0x080041e9   Thumb Code     0  fdiv.o(x$fpl$fdiv)
    _fdiv                                    0x080041e9   Thumb Code   384  fdiv.o(x$fpl$fdiv)
    __aeabi_f2iz                             0x0800436d   Thumb Code     0  ffix.o(x$fpl$ffix)
    _ffix                                    0x0800436d   Thumb Code    54  ffix.o(x$fpl$ffix)
    __aeabi_i2f                              0x080043a5   Thumb Code     0  fflt_clz.o(x$fpl$fflt)
    _fflt                                    0x080043a5   Thumb Code    48  fflt_clz.o(x$fpl$fflt)
    __aeabi_cfcmple                          0x080043d5   Thumb Code     0  fleqf.o(x$fpl$fleqf)
    _fcmple                                  0x080043d5   Thumb Code   104  fleqf.o(x$fpl$fleqf)
    __fpl_fcmple_InfNaN                      0x08004427   Thumb Code     0  fleqf.o(x$fpl$fleqf)
    __aeabi_fmul                             0x0800443d   Thumb Code     0  fmul.o(x$fpl$fmul)
    _fmul                                    0x0800443d   Thumb Code   258  fmul.o(x$fpl$fmul)
    __fpl_fnaninf                            0x0800453f   Thumb Code   140  fnaninf.o(x$fpl$fnaninf)
    __fpl_fretinf                            0x080045cb   Thumb Code    10  fretinf.o(x$fpl$fretinf)
    __aeabi_cfrcmple                         0x080045d5   Thumb Code     0  frleqf.o(x$fpl$frleqf)
    _frcmple                                 0x080045d5   Thumb Code    98  frleqf.o(x$fpl$frleqf)
    __aeabi_fsub                             0x08004639   Thumb Code     0  faddsub_clz.o(x$fpl$fsub)
    _fsub                                    0x08004639   Thumb Code   234  faddsub_clz.o(x$fpl$fsub)
    F6x8                                     0x08004722   Data         552  bsp_oled.o(.constdata)
    __I$use$fp                               0x08004722   Number         0  usenofp.o(x$fpl$usenofp)
    F8X16                                    0x0800494a   Data        1520  bsp_oled.o(.constdata)
    asc2_1206                                0x08004f3a   Data        1140  bsp_oled.o(.constdata)
    asc2_1608                                0x080053ae   Data        1520  bsp_oled.o(.constdata)
    asc2_2412                                0x0800599e   Data        3420  bsp_oled.o(.constdata)
    Region$$Table$$Base                      0x080066fc   Number         0  anon$$obj.o(Region$$Table)
    Region$$Table$$Limit                     0x0800671c   Number         0  anon$$obj.o(Region$$Table)
    SystemCoreClock                          0x20000000   Data           4  system_stm32f10x.o(.data)
    AHBPrescTable                            0x20000004   Data          16  system_stm32f10x.o(.data)
    g_Moto_Control_flag                      0x2000001e   Data           1  moto_demo.o(.data)
    can_use                                  0x20000033   Data           1  drv_can.o(.data)
    count                                    0x20000034   Data           4  drv_systick.o(.data)
    __stdout                                 0x20000038   Data           4  drv_usart.o(.data)
    USART_RX_STA                             0x2000003c   Data           2  drv_usart.o(.data)
    CAN_Time_Out                             0x20000040   Data           4  bsp_robomodule.o(.data)
    can_tx_success_flag                      0x20000044   Data           1  bsp_robomodule.o(.data)
    Real_Current_Value                       0x20000046   Data           8  bsp_robomodule.o(.data)
    Real_Velocity_Value                      0x2000004e   Data           8  bsp_robomodule.o(.data)
    Real_Online                              0x20000056   Data           4  bsp_robomodule.o(.data)
    Real_Ctl1_Value                          0x2000005a   Data           4  bsp_robomodule.o(.data)
    Real_Ctl2_Value                          0x2000005e   Data           4  bsp_robomodule.o(.data)
    keys                                     0x20000065   Data           5  bsp_key.o(.data)
    key_value                                0x2000006c   Data           4  bsp_key.o(.data)
    led_mode                                 0x20000074   Data           1  bsp_led.o(.data)
    TX_Buffer                                0x20000078   Data          20  transmit.o(.bss)
    moto_1                                   0x2000008c   Data         148  moto_demo.o(.bss)
    USART_RX_BUF                             0x20000120   Data         200  drv_usart.o(.bss)
    ADC_Value_G                              0x200001e8   Data          14  drv_adc.o(.bss)
    ADC_Value                                0x200001f6   Data          14  drv_adc.o(.bss)
    ADC_Calibrator                           0x20000204   Data          14  drv_adc.o(.bss)
    Real_Position_Value                      0x20000258   Data          16  bsp_robomodule.o(.bss)
    C620_MotorInfo                           0x20000268   Data          48  bsp_esc.o(.bss)
    C610_MotorInfo                           0x20000298   Data          48  bsp_esc.o(.bss)
    singleKey                                0x200002c8   Data         272  bsp_key.o(.bss)
    KEY_G                                    0x200003d8   Data          16  bsp_key.o(.bss)
    __libspace_start                         0x200003e8   Data          96  libspace.o(.bss)
    __temporary_stack_top$libspace           0x20000448   Data           0  libspace.o(.bss)



==============================================================================

Memory Map of the image

  Image Entry point : 0x08000131

  Load Region LR_IROM1 (Base: 0x08000000, Size: 0x00006794, Max: 0x00080000, ABSOLUTE)

    Execution Region ER_IROM1 (Base: 0x08000000, Size: 0x0000671c, Max: 0x00080000, ABSOLUTE)

    Base Addr    Size         Type   Attr      Idx    E Section Name        Object

    0x08000000   0x00000130   Data   RO          457    RESET               startup_stm32f10x_hd.o
    0x08000130   0x00000008   Code   RO         4674  * !!!main             c_w.l(__main.o)
    0x08000138   0x00000034   Code   RO         4890    !!!scatter          c_w.l(__scatter.o)
    0x0800016c   0x0000001a   Code   RO         4892    !!handler_copy      c_w.l(__scatter_copy.o)
    0x08000186   0x00000002   PAD
    0x08000188   0x0000001c   Code   RO         4894    !!handler_zi        c_w.l(__scatter_zi.o)
    0x080001a4   0x00000000   Code   RO         4669    .ARM.Collect$$_printf_percent$$00000000  c_w.l(_printf_percent.o)
    0x080001a4   0x00000006   Code   RO         4668    .ARM.Collect$$_printf_percent$$00000009  c_w.l(_printf_d.o)
    0x080001aa   0x00000004   Code   RO         4719    .ARM.Collect$$_printf_percent$$00000017  c_w.l(_printf_percent_end.o)
    0x080001ae   0x00000002   Code   RO         4765    .ARM.Collect$$libinit$$00000000  c_w.l(libinit.o)
    0x080001b0   0x00000000   Code   RO         4772    .ARM.Collect$$libinit$$00000002  c_w.l(libinit2.o)
    0x080001b0   0x00000000   Code   RO         4774    .ARM.Collect$$libinit$$00000004  c_w.l(libinit2.o)
    0x080001b0   0x00000000   Code   RO         4777    .ARM.Collect$$libinit$$0000000A  c_w.l(libinit2.o)
    0x080001b0   0x00000000   Code   RO         4779    .ARM.Collect$$libinit$$0000000C  c_w.l(libinit2.o)
    0x080001b0   0x00000000   Code   RO         4781    .ARM.Collect$$libinit$$0000000E  c_w.l(libinit2.o)
    0x080001b0   0x00000000   Code   RO         4784    .ARM.Collect$$libinit$$00000011  c_w.l(libinit2.o)
    0x080001b0   0x00000000   Code   RO         4786    .ARM.Collect$$libinit$$00000013  c_w.l(libinit2.o)
    0x080001b0   0x00000000   Code   RO         4788    .ARM.Collect$$libinit$$00000015  c_w.l(libinit2.o)
    0x080001b0   0x00000000   Code   RO         4790    .ARM.Collect$$libinit$$00000017  c_w.l(libinit2.o)
    0x080001b0   0x00000000   Code   RO         4792    .ARM.Collect$$libinit$$00000019  c_w.l(libinit2.o)
    0x080001b0   0x00000000   Code   RO         4794    .ARM.Collect$$libinit$$0000001B  c_w.l(libinit2.o)
    0x080001b0   0x00000000   Code   RO         4796    .ARM.Collect$$libinit$$0000001D  c_w.l(libinit2.o)
    0x080001b0   0x00000000   Code   RO         4798    .ARM.Collect$$libinit$$0000001F  c_w.l(libinit2.o)
    0x080001b0   0x00000000   Code   RO         4800    .ARM.Collect$$libinit$$00000021  c_w.l(libinit2.o)
    0x080001b0   0x00000000   Code   RO         4802    .ARM.Collect$$libinit$$00000023  c_w.l(libinit2.o)
    0x080001b0   0x00000000   Code   RO         4804    .ARM.Collect$$libinit$$00000025  c_w.l(libinit2.o)
    0x080001b0   0x00000000   Code   RO         4808    .ARM.Collect$$libinit$$0000002C  c_w.l(libinit2.o)
    0x080001b0   0x00000000   Code   RO         4810    .ARM.Collect$$libinit$$0000002E  c_w.l(libinit2.o)
    0x080001b0   0x00000000   Code   RO         4812    .ARM.Collect$$libinit$$00000030  c_w.l(libinit2.o)
    0x080001b0   0x00000000   Code   RO         4814    .ARM.Collect$$libinit$$00000032  c_w.l(libinit2.o)
    0x080001b0   0x00000002   Code   RO         4815    .ARM.Collect$$libinit$$00000033  c_w.l(libinit2.o)
    0x080001b2   0x00000002   Code   RO         4833    .ARM.Collect$$libshutdown$$00000000  c_w.l(libshutdown.o)
    0x080001b4   0x00000000   Code   RO         4844    .ARM.Collect$$libshutdown$$00000003  c_w.l(libshutdown2.o)
    0x080001b4   0x00000000   Code   RO         4847    .ARM.Collect$$libshutdown$$00000006  c_w.l(libshutdown2.o)
    0x080001b4   0x00000000   Code   RO         4850    .ARM.Collect$$libshutdown$$00000009  c_w.l(libshutdown2.o)
    0x080001b4   0x00000000   Code   RO         4852    .ARM.Collect$$libshutdown$$0000000B  c_w.l(libshutdown2.o)
    0x080001b4   0x00000000   Code   RO         4855    .ARM.Collect$$libshutdown$$0000000E  c_w.l(libshutdown2.o)
    0x080001b4   0x00000002   Code   RO         4856    .ARM.Collect$$libshutdown$$0000000F  c_w.l(libshutdown2.o)
    0x080001b6   0x00000000   Code   RO         4710    .ARM.Collect$$rtentry$$00000000  c_w.l(__rtentry.o)
    0x080001b6   0x00000000   Code   RO         4736    .ARM.Collect$$rtentry$$00000002  c_w.l(__rtentry2.o)
    0x080001b6   0x00000006   Code   RO         4748    .ARM.Collect$$rtentry$$00000004  c_w.l(__rtentry4.o)
    0x080001bc   0x00000000   Code   RO         4738    .ARM.Collect$$rtentry$$00000009  c_w.l(__rtentry2.o)
    0x080001bc   0x00000004   Code   RO         4739    .ARM.Collect$$rtentry$$0000000A  c_w.l(__rtentry2.o)
    0x080001c0   0x00000000   Code   RO         4741    .ARM.Collect$$rtentry$$0000000C  c_w.l(__rtentry2.o)
    0x080001c0   0x00000008   Code   RO         4742    .ARM.Collect$$rtentry$$0000000D  c_w.l(__rtentry2.o)
    0x080001c8   0x00000002   Code   RO         4769    .ARM.Collect$$rtexit$$00000000  c_w.l(rtexit.o)
    0x080001ca   0x00000000   Code   RO         4817    .ARM.Collect$$rtexit$$00000002  c_w.l(rtexit2.o)
    0x080001ca   0x00000004   Code   RO         4818    .ARM.Collect$$rtexit$$00000003  c_w.l(rtexit2.o)
    0x080001ce   0x00000006   Code   RO         4819    .ARM.Collect$$rtexit$$00000004  c_w.l(rtexit2.o)
    0x080001d4   0x00000038   Code   RO          458    .text               startup_stm32f10x_hd.o
    0x0800020c   0x00000002   Code   RO         4632    .text               c_w.l(use_no_semi_2.o)
    0x0800020e   0x00000002   PAD
    0x08000210   0x00000018   Code   RO         4638    .text               c_w.l(noretval__2printf.o)
    0x08000228   0x00000028   Code   RO         4640    .text               c_w.l(noretval__2sprintf.o)
    0x08000250   0x0000004e   Code   RO         4644    .text               c_w.l(_printf_pad.o)
    0x0800029e   0x00000002   PAD
    0x080002a0   0x00000078   Code   RO         4646    .text               c_w.l(_printf_dec.o)
    0x08000318   0x0000010e   Code   RO         4656    .text               c_w.l(__printf_wp.o)
    0x08000426   0x0000008a   Code   RO         4670    .text               c_w.l(rt_memcpy_v6.o)
    0x080004b0   0x00000006   Code   RO         4672    .text               c_w.l(heapauxi.o)
    0x080004b6   0x00000002   Code   RO         4708    .text               c_w.l(use_no_semi.o)
    0x080004b8   0x000000b2   Code   RO         4711    .text               c_w.l(_printf_intcommon.o)
    0x0800056a   0x00000002   PAD
    0x0800056c   0x00000030   Code   RO         4713    .text               c_w.l(_printf_char_common.o)
    0x0800059c   0x0000000a   Code   RO         4715    .text               c_w.l(_sputc.o)
    0x080005a6   0x00000002   PAD
    0x080005a8   0x00000024   Code   RO         4717    .text               c_w.l(_printf_char_file.o)
    0x080005cc   0x00000064   Code   RO         4720    .text               c_w.l(rt_memcpy_w.o)
    0x08000630   0x00000008   Code   RO         4752    .text               c_w.l(ferror.o)
    0x08000638   0x0000004a   Code   RO         4756    .text               c_w.l(sys_stackheap_outer.o)
    0x08000682   0x0000000c   Code   RO         4758    .text               c_w.l(exit.o)
    0x0800068e   0x00000002   PAD
    0x08000690   0x00000008   Code   RO         4766    .text               c_w.l(libspace.o)
    0x08000698   0x00000016   Code   RO          504    i.ADC_Cmd           stm32f10x_adc.o
    0x080006ae   0x00000016   Code   RO          505    i.ADC_DMACmd        stm32f10x_adc.o
    0x080006c4   0x0000005c   Code   RO          506    i.ADC_DeInit        stm32f10x_adc.o
    0x08000720   0x00000016   Code   RO          509    i.ADC_ExternalTrigConvCmd  stm32f10x_adc.o
    0x08000736   0x00000014   Code   RO          512    i.ADC_GetCalibrationStatus  stm32f10x_adc.o
    0x0800074a   0x00000014   Code   RO          518    i.ADC_GetResetCalibrationStatus  stm32f10x_adc.o
    0x0800075e   0x00000002   PAD
    0x08000760   0x00000050   Code   RO          522    i.ADC_Init          stm32f10x_adc.o
    0x080007b0   0x000000b8   Code   RO          526    i.ADC_RegularChannelConfig  stm32f10x_adc.o
    0x08000868   0x0000000a   Code   RO          527    i.ADC_ResetCalibration  stm32f10x_adc.o
    0x08000872   0x0000000a   Code   RO          531    i.ADC_StartCalibration  stm32f10x_adc.o
    0x0800087c   0x0000006c   Code   RO          287    i.Bey_Bound_Deal    task.o
    0x080008e8   0x00000004   Code   RO         1925    i.BusFault_Handler  stm32f10x_it.o
    0x080008ec   0x000000e0   Code   RO         3848    i.C620_GetMotorInfo  bsp_esc.o
    0x080009cc   0x00000080   Code   RO         3849    i.C620_SendCurrentVal  bsp_esc.o
    0x08000a4c   0x00000108   Code   RO         3486    i.CAN1_Init         drv_can.o
    0x08000b54   0x000001fc   Code   RO         3744    i.CAN1_RX0_Int      bsp_robomodule.o
    0x08000d50   0x00000038   Code   RO          799    i.CAN_ClearFlag     stm32f10x_can.o
    0x08000d88   0x000000a8   Code   RO          800    i.CAN_ClearITPendingBit  stm32f10x_can.o
    0x08000e30   0x00000038   Code   RO          802    i.CAN_DeInit        stm32f10x_can.o
    0x08000e68   0x0000001a   Code   RO         3746    i.CAN_Delay_Us      bsp_robomodule.o
    0x08000e82   0x00000002   PAD
    0x08000e84   0x00000108   Code   RO          804    i.CAN_FilterInit    stm32f10x_can.o
    0x08000f8c   0x00000120   Code   RO          806    i.CAN_GetITStatus   stm32f10x_can.o
    0x080010ac   0x00000012   Code   RO          810    i.CAN_ITConfig      stm32f10x_can.o
    0x080010be   0x00000114   Code   RO          811    i.CAN_Init          stm32f10x_can.o
    0x080011d2   0x000000f0   Code   RO          814    i.CAN_Receive       stm32f10x_can.o
    0x080012c2   0x00000002   PAD
    0x080012c4   0x000000a8   Code   RO         3747    i.CAN_RoboModule_DRV_Config  bsp_robomodule.o
    0x0800136c   0x000000a0   Code   RO         3752    i.CAN_RoboModule_DRV_Mode_Choice  bsp_robomodule.o
    0x0800140c   0x000000a0   Code   RO         3756    i.CAN_RoboModule_DRV_Reset  bsp_robomodule.o
    0x080014ac   0x000000d4   Code   RO         3757    i.CAN_RoboModule_DRV_Velocity_Mode  bsp_robomodule.o
    0x08001580   0x00000020   Code   RO          817    i.CAN_StructInit    stm32f10x_can.o
    0x080015a0   0x00000126   Code   RO          819    i.CAN_Transmit      stm32f10x_can.o
    0x080016c6   0x00000002   PAD
    0x080016c8   0x0000000c   Code   RO         3487    i.Change_Can_Use    drv_can.o
    0x080016d4   0x0000000c   Code   RO         4063    i.Change_LED_Mode   bsp_led.o
    0x080016e0   0x00000012   Code   RO          822    i.CheckITStatus     stm32f10x_can.o
    0x080016f2   0x00000018   Code   RO         3685    i.DMA1_Channel1_IRQHandler  drv_adc.o
    0x0800170a   0x00000002   PAD
    0x0800170c   0x0000001c   Code   RO         1188    i.DMA_ClearITPendingBit  stm32f10x_dma.o
    0x08001728   0x00000018   Code   RO         1189    i.DMA_Cmd           stm32f10x_dma.o
    0x08001740   0x0000014c   Code   RO         1190    i.DMA_DeInit        stm32f10x_dma.o
    0x0800188c   0x0000002c   Code   RO         1193    i.DMA_GetITStatus   stm32f10x_dma.o
    0x080018b8   0x00000012   Code   RO         1194    i.DMA_ITConfig      stm32f10x_dma.o
    0x080018ca   0x0000003c   Code   RO         1195    i.DMA_Init          stm32f10x_dma.o
    0x08001906   0x00000002   Code   RO         1926    i.DebugMon_Handler  stm32f10x_it.o
    0x08001908   0x00000034   Code   RO         3720    i.GPIOC_Init        drv_gpio.o
    0x0800193c   0x00000116   Code   RO         1613    i.GPIO_Init         stm32f10x_gpio.o
    0x08001a52   0x00000002   PAD
    0x08001a54   0x00000090   Code   RO         1615    i.GPIO_PinRemapConfig  stm32f10x_gpio.o
    0x08001ae4   0x00000012   Code   RO         1617    i.GPIO_ReadInputDataBit  stm32f10x_gpio.o
    0x08001af6   0x00000004   Code   RO         1620    i.GPIO_ResetBits    stm32f10x_gpio.o
    0x08001afa   0x00000004   Code   RO         1621    i.GPIO_SetBits      stm32f10x_gpio.o
    0x08001afe   0x00000002   PAD
    0x08001b00   0x000000f8   Code   RO          319    i.GUI_ADC_Updata    gui.o
    0x08001bf8   0x000000c4   Code   RO          320    i.GUI_Init          gui.o
    0x08001cbc   0x00000078   Code   RO          321    i.GUI_Key_Updata    gui.o
    0x08001d34   0x00000012   Code   RO         3894    i.G_IS_BIT_SET      bsp_key.o
    0x08001d46   0x0000001c   Code   RO         3895    i.G_RESET_BIT       bsp_key.o
    0x08001d62   0x0000000c   Code   RO         3896    i.G_SET_BIT         bsp_key.o
    0x08001d6e   0x00000004   Code   RO         1927    i.HardFault_Handler  stm32f10x_it.o
    0x08001d72   0x00000002   PAD
    0x08001d74   0x00000028   Code   RO         4092    i.IIC_Start         bsp_oled.o
    0x08001d9c   0x00000020   Code   RO         4093    i.IIC_Stop          bsp_oled.o
    0x08001dbc   0x00000018   Code   RO         4094    i.IIC_Wait_Ack      bsp_oled.o
    0x08001dd4   0x00000198   Code   RO         3686    i.JOY_ADC_Calibration  drv_adc.o
    0x08001f6c   0x00000168   Code   RO         3687    i.JOY_ADC_Init      drv_adc.o
    0x080020d4   0x00000234   Code   RO         3897    i.Key_Init          bsp_key.o
    0x08002308   0x0000003c   Code   RO         3898    i.Key_Pro           bsp_key.o
    0x08002344   0x00000040   Code   RO         4064    i.LED_Init          bsp_led.o
    0x08002384   0x00000064   Code   RO         4065    i.LED_Task          bsp_led.o
    0x080023e8   0x00000004   Code   RO         1928    i.MemManage_Handler  stm32f10x_it.o
    0x080023ec   0x00000032   Code   RO         4355    i.Moto_API_Cal_GetCurrentVelocityMode  moto_control.o
    0x0800241e   0x00000002   PAD
    0x08002420   0x00000088   Code   RO         4357    i.Moto_API_PID_Init  moto_control.o
    0x080024a8   0x00000084   Code   RO         4358    i.Moto_API_PID_Init_C610  moto_control.o
    0x0800252c   0x0000000c   Code   RO         4359    i.Moto_API_PID_Init_C620  moto_control.o
    0x08002538   0x0000000a   Code   RO         4360    i.Moto_API_SetMotoInfo  moto_control.o
    0x08002542   0x00000002   PAD
    0x08002544   0x00000088   Code   RO          419    i.Moto_Init         moto_demo.o
    0x080025cc   0x000001c4   Code   RO          420    i.Moto_Task         moto_demo.o
    0x08002790   0x00000002   Code   RO         1929    i.NMI_Handler       stm32f10x_it.o
    0x08002792   0x00000002   PAD
    0x08002794   0x00000070   Code   RO          462    i.NVIC_Init         misc.o
    0x08002804   0x00000014   Code   RO          463    i.NVIC_PriorityGroupConfig  misc.o
    0x08002818   0x0000003e   Code   RO         4095    i.OLED_Clear        bsp_oled.o
    0x08002856   0x0000001c   Code   RO         4099    i.OLED_Display_On   bsp_oled.o
    0x08002872   0x00000002   PAD
    0x08002874   0x00000110   Code   RO         4101    i.OLED_Init         bsp_oled.o
    0x08002984   0x00000028   Code   RO         4103    i.OLED_Set_Pos      bsp_oled.o
    0x080029ac   0x000000a4   Code   RO         4107    i.OLED_ShowChar     bsp_oled.o
    0x08002a50   0x0000003a   Code   RO         4109    i.OLED_ShowString   bsp_oled.o
    0x08002a8a   0x00000018   Code   RO         4110    i.OLED_WR_Byte      bsp_oled.o
    0x08002aa2   0x00000016   Code   RO         4421    i.PID_API_inputData_getOutputPosition  pid.o
    0x08002ab8   0x00000074   Code   RO         4422    i.PID_API_set_parameter  pid.o
    0x08002b2c   0x00000004   Code   RO         4423    i.PID_API_set_reference  pid.o
    0x08002b30   0x0000004e   Code   RO         4426    i.PID_cal_positon_err  pid.o
    0x08002b7e   0x00000086   Code   RO         4427    i.PID_cal_positon_output  pid.o
    0x08002c04   0x00000012   Code   RO         4433    i.PID_t_data_clear  pid.o
    0x08002c16   0x00000002   PAD
    0x08002c18   0x00000060   Code   RO          421    i.PWM_Task          moto_demo.o
    0x08002c78   0x000000f8   Code   RO          352    i.PackDeal          transmit.o
    0x08002d70   0x00000002   Code   RO         1930    i.PendSV_Handler    stm32f10x_it.o
    0x08002d72   0x00000002   PAD
    0x08002d74   0x00000018   Code   RO         2084    i.RCC_ADCCLKConfig  stm32f10x_rcc.o
    0x08002d8c   0x00000020   Code   RO         2085    i.RCC_AHBPeriphClockCmd  stm32f10x_rcc.o
    0x08002dac   0x00000020   Code   RO         2086    i.RCC_APB1PeriphClockCmd  stm32f10x_rcc.o
    0x08002dcc   0x00000020   Code   RO         2087    i.RCC_APB1PeriphResetCmd  stm32f10x_rcc.o
    0x08002dec   0x00000020   Code   RO         2088    i.RCC_APB2PeriphClockCmd  stm32f10x_rcc.o
    0x08002e0c   0x00000020   Code   RO         2089    i.RCC_APB2PeriphResetCmd  stm32f10x_rcc.o
    0x08002e2c   0x000000d4   Code   RO         2096    i.RCC_GetClocksFreq  stm32f10x_rcc.o
    0x08002f00   0x00000002   Code   RO         1931    i.SVC_Handler       stm32f10x_it.o
    0x08002f02   0x00000002   PAD
    0x08002f04   0x00000050   Code   RO          353    i.SX1278_Init       transmit.o
    0x08002f54   0x00000044   Code   RO          354    i.SX1278_Transmit   transmit.o
    0x08002f98   0x00000008   Code   RO          196    i.SetSysClock       system_stm32f10x.o
    0x08002fa0   0x000000e0   Code   RO          197    i.SetSysClockTo72   system_stm32f10x.o
    0x08003080   0x00000018   Code   RO         3513    i.SysTick_Handler   drv_systick.o
    0x08003098   0x00000030   Code   RO         3514    i.SysTick_Init      drv_systick.o
    0x080030c8   0x00000060   Code   RO          199    i.SystemInit        system_stm32f10x.o
    0x08003128   0x00000024   Code   RO         3546    i.TIM2_IRQHandler   drv_timer.o
    0x0800314c   0x0000005c   Code   RO         3547    i.TIM2_Init         drv_timer.o
    0x080031a8   0x00000020   Code   RO         3548    i.TIM3_IRQHandler   drv_timer.o
    0x080031c8   0x000000a0   Code   RO         3732    i.TIM3_PWM_Init     drv_pwm.o
    0x08003268   0x00000070   Code   RO         3550    i.TIM4_Init         drv_timer.o
    0x080032d8   0x00000020   Code   RO         3551    i.TIM5_IRQHandler   drv_timer.o
    0x080032f8   0x00000060   Code   RO         3552    i.TIM5_Init         drv_timer.o
    0x08003358   0x00000020   Code   RO         3553    i.TIM6_IRQHandler   drv_timer.o
    0x08003378   0x00000064   Code   RO         3554    i.TIM6_Init         drv_timer.o
    0x080033dc   0x00000018   Code   RO         2708    i.TIM_ARRPreloadConfig  stm32f10x_tim.o
    0x080033f4   0x00000006   Code   RO         2715    i.TIM_ClearITPendingBit  stm32f10x_tim.o
    0x080033fa   0x00000018   Code   RO         2720    i.TIM_Cmd           stm32f10x_tim.o
    0x08003412   0x00000022   Code   RO         2741    i.TIM_GetITStatus   stm32f10x_tim.o
    0x08003434   0x00000012   Code   RO         2745    i.TIM_ITConfig      stm32f10x_tim.o
    0x08003446   0x00000002   PAD
    0x08003448   0x00000098   Code   RO         2749    i.TIM_OC1Init       stm32f10x_tim.o
    0x080034e0   0x00000012   Code   RO         2752    i.TIM_OC1PreloadConfig  stm32f10x_tim.o
    0x080034f2   0x00000002   PAD
    0x080034f4   0x000000a4   Code   RO         2754    i.TIM_OC2Init       stm32f10x_tim.o
    0x08003598   0x0000001a   Code   RO         2757    i.TIM_OC2PreloadConfig  stm32f10x_tim.o
    0x080035b2   0x00000002   PAD
    0x080035b4   0x0000007c   Code   RO         2764    i.TIM_OC4Init       stm32f10x_tim.o
    0x08003630   0x0000001a   Code   RO         2766    i.TIM_OC4PreloadConfig  stm32f10x_tim.o
    0x0800364a   0x00000004   Code   RO         2781    i.TIM_SetCompare1   stm32f10x_tim.o
    0x0800364e   0x00000004   Code   RO         2782    i.TIM_SetCompare2   stm32f10x_tim.o
    0x08003652   0x00000002   PAD
    0x08003654   0x000000a4   Code   RO         2791    i.TIM_TimeBaseInit  stm32f10x_tim.o
    0x080036f8   0x00000002   Code   RO          288    i.Task_1ms          task.o
    0x080036fa   0x00000010   Code   RO          289    i.Task_30ms         task.o
    0x0800370a   0x00000008   Code   RO          290    i.Task_500ms        task.o
    0x08003712   0x00000002   PAD
    0x08003714   0x00000088   Code   RO         3610    i.UART3_Init        drv_uart.o
    0x0800379c   0x00000088   Code   RO         3644    i.USART1_IRQHandler  drv_usart.o
    0x08003824   0x00000018   Code   RO         3256    i.USART_Cmd         stm32f10x_usart.o
    0x0800383c   0x0000001a   Code   RO         3259    i.USART_GetFlagStatus  stm32f10x_usart.o
    0x08003856   0x00000054   Code   RO         3260    i.USART_GetITStatus  stm32f10x_usart.o
    0x080038aa   0x0000004a   Code   RO         3262    i.USART_ITConfig    stm32f10x_usart.o
    0x080038f4   0x000000d8   Code   RO         3263    i.USART_Init        stm32f10x_usart.o
    0x080039cc   0x0000000a   Code   RO         3270    i.USART_ReceiveData  stm32f10x_usart.o
    0x080039d6   0x00000002   PAD
    0x080039d8   0x00000058   Code   RO         3488    i.USB_LP_CAN1_RX0_IRQHandler  drv_can.o
    0x08003a30   0x00000004   Code   RO         1932    i.UsageFault_Handler  stm32f10x_it.o
    0x08003a34   0x000000fc   Code   RO           17    i.World_Init        main.o
    0x08003b30   0x00000054   Code   RO         4111    i.Write_IIC_Byte    bsp_oled.o
    0x08003b84   0x0000002c   Code   RO         4112    i.Write_IIC_Command  bsp_oled.o
    0x08003bb0   0x0000002c   Code   RO         4113    i.Write_IIC_Data    bsp_oled.o
    0x08003bdc   0x0000000e   Code   RO         4658    i._is_digit         c_w.l(__printf_wp.o)
    0x08003bea   0x00000004   Code   RO         3645    i._sys_exit         drv_usart.o
    0x08003bee   0x00000028   Code   RO         4526    i.absLimit          user_math.o
    0x08003c16   0x0000001c   Code   RO         4527    i.absLimit_int16    user_math.o
    0x08003c32   0x00000002   PAD
    0x08003c34   0x00000044   Code   RO         3515    i.delay_ms          drv_systick.o
    0x08003c78   0x00000030   Code   RO         3612    i.drv_uart_tx_bytes  drv_uart.o
    0x08003ca8   0x0000001c   Code   RO         3646    i.fputc             drv_usart.o
    0x08003cc4   0x00000068   Code   RO         3899    i.getKey            bsp_key.o
    0x08003d2c   0x00000010   Code   RO         3900    i.key10Press        bsp_key.o
    0x08003d3c   0x00000010   Code   RO         3901    i.key11Press        bsp_key.o
    0x08003d4c   0x00000010   Code   RO         3902    i.key12Press        bsp_key.o
    0x08003d5c   0x00000010   Code   RO         3903    i.key13Press        bsp_key.o
    0x08003d6c   0x00000010   Code   RO         3904    i.key14Press        bsp_key.o
    0x08003d7c   0x00000010   Code   RO         3905    i.key15Press        bsp_key.o
    0x08003d8c   0x00000010   Code   RO         3906    i.key16Press        bsp_key.o
    0x08003d9c   0x00000010   Code   RO         3907    i.key1Press         bsp_key.o
    0x08003dac   0x00000010   Code   RO         3908    i.key2Press         bsp_key.o
    0x08003dbc   0x00000010   Code   RO         3909    i.key3Press         bsp_key.o
    0x08003dcc   0x00000010   Code   RO         3910    i.key4Press         bsp_key.o
    0x08003ddc   0x00000010   Code   RO         3911    i.key5Press         bsp_key.o
    0x08003dec   0x00000010   Code   RO         3912    i.key6Press         bsp_key.o
    0x08003dfc   0x00000010   Code   RO         3913    i.key7Press         bsp_key.o
    0x08003e0c   0x00000010   Code   RO         3914    i.key8Press         bsp_key.o
    0x08003e1c   0x00000010   Code   RO         3915    i.key9Press         bsp_key.o
    0x08003e2c   0x00000064   Code   RO         3916    i.keyHandle         bsp_key.o
    0x08003e90   0x00000058   Code   RO         3917    i.keyInitOne        bsp_key.o
    0x08003ee8   0x0000007c   Code   RO         3918    i.keyParaInit       bsp_key.o
    0x08003f64   0x0000001a   Code   RO           18    i.main              main.o
    0x08003f7e   0x00000002   PAD
    0x08003f80   0x00000044   Code   RO         3919    i.readKeyValue      bsp_key.o
    0x08003fc4   0x000000a0   Code   RO         3647    i.uart_init         drv_usart.o
    0x08004064   0x00000060   Code   RO         4602    i.wave_filter_median  wave_filter.o
    0x080040c4   0x00000048   Code   RO         4603    i.wave_sort         wave_filter.o
    0x0800410c   0x000000c4   Code   RO         4682    x$fpl$fadd          fz_ws.l(faddsub_clz.o)
    0x080041d0   0x00000018   Code   RO         4728    x$fpl$fcmpinf       fz_ws.l(fcmpi.o)
    0x080041e8   0x00000184   Code   RO         4689    x$fpl$fdiv          fz_ws.l(fdiv.o)
    0x0800436c   0x00000036   Code   RO         4692    x$fpl$ffix          fz_ws.l(ffix.o)
    0x080043a2   0x00000002   PAD
    0x080043a4   0x00000030   Code   RO         4697    x$fpl$fflt          fz_ws.l(fflt_clz.o)
    0x080043d4   0x00000068   Code   RO         4702    x$fpl$fleqf         fz_ws.l(fleqf.o)
    0x0800443c   0x00000102   Code   RO         4704    x$fpl$fmul          fz_ws.l(fmul.o)
    0x0800453e   0x0000008c   Code   RO         4730    x$fpl$fnaninf       fz_ws.l(fnaninf.o)
    0x080045ca   0x0000000a   Code   RO         4732    x$fpl$fretinf       fz_ws.l(fretinf.o)
    0x080045d4   0x00000062   Code   RO         4706    x$fpl$frleqf        fz_ws.l(frleqf.o)
    0x08004636   0x00000002   PAD
    0x08004638   0x000000ea   Code   RO         4684    x$fpl$fsub          fz_ws.l(faddsub_clz.o)
    0x08004722   0x00000000   Code   RO         4734    x$fpl$usenofp       fz_ws.l(usenofp.o)
    0x08004722   0x00001fd8   Data   RO         4116    .constdata          bsp_oled.o
    0x080066fa   0x00000002   PAD
    0x080066fc   0x00000020   Data   RO         4888    Region$$Table       anon$$obj.o


    Execution Region RW_IRAM1 (Base: 0x20000000, Size: 0x00000a48, Max: 0x00010000, ABSOLUTE)

    Base Addr    Size         Type   Attr      Idx    E Section Name        Object

    0x20000000   0x00000014   Data   RW          200    .data               system_stm32f10x.o
    0x20000014   0x00000006   Data   RW          322    .data               gui.o
    0x2000001a   0x00000003   Data   RW          357    .data               transmit.o
    0x2000001d   0x00000002   Data   RW          423    .data               moto_demo.o
    0x2000001f   0x00000014   Data   RW         2116    .data               stm32f10x_rcc.o
    0x20000033   0x00000001   Data   RW         3489    .data               drv_can.o
    0x20000034   0x00000004   Data   RW         3517    .data               drv_systick.o
    0x20000038   0x00000006   Data   RW         3649    .data               drv_usart.o
    0x2000003e   0x00000002   PAD
    0x20000040   0x00000022   Data   RW         3760    .data               bsp_robomodule.o
    0x20000062   0x00000002   PAD
    0x20000064   0x00000010   Data   RW         3921    .data               bsp_key.o
    0x20000074   0x00000001   Data   RW         4066    .data               bsp_led.o
    0x20000075   0x00000003   PAD
    0x20000078   0x00000014   Zero   RW          355    .bss                transmit.o
    0x2000008c   0x00000094   Zero   RW          422    .bss                moto_demo.o
    0x20000120   0x000000c8   Zero   RW         3648    .bss                drv_usart.o
    0x200001e8   0x00000070   Zero   RW         3688    .bss                drv_adc.o
    0x20000258   0x00000010   Zero   RW         3759    .bss                bsp_robomodule.o
    0x20000268   0x00000060   Zero   RW         3852    .bss                bsp_esc.o
    0x200002c8   0x00000120   Zero   RW         3920    .bss                bsp_key.o
    0x200003e8   0x00000060   Zero   RW         4767    .bss                c_w.l(libspace.o)
    0x20000448   0x00000200   Zero   RW          456    HEAP                startup_stm32f10x_hd.o
    0x20000648   0x00000400   Zero   RW          455    STACK               startup_stm32f10x_hd.o


==============================================================================

Image component sizes


      Code (inc. data)   RO Data    RW Data    ZI Data      Debug   Object Name

       352         50          0          0         96       3122   bsp_esc.o
      1422        188          0         16        288      13705   bsp_key.o
       176         24          0          1          0       1563   bsp_led.o
       916         30       8152          0          0       7634   bsp_oled.o
      1234         78          0         34         16       5728   bsp_robomodule.o
         0          0          0          0          0       4536   core_cm3.o
       792         36          0          0        112      17702   drv_adc.o
       364         24          0          1          0       1968   drv_can.o
        52          6          0          0          0        481   drv_gpio.o
       160         14          0          0          0        716   drv_pwm.o
       140         22          0          4          0       1552   drv_systick.o
       532         36          0          0          0       4176   drv_timer.o
       184         12          0          0          0       1457   drv_uart.o
       328         26          0          6        200       4024   drv_usart.o
       564         84          0          6          0       1673   gui.o
       278         26          0          0          0     278152   main.o
       132         22          0          0          0       1427   misc.o
       340         80          0          0          0       2735   moto_control.o
       684         60          0          2        148       1948   moto_demo.o
       372          0          0          0          0       3512   pid.o
        56         22        304          0       1536        788   startup_stm32f10x_hd.o
       482         24          0          0          0       7529   stm32f10x_adc.o
      1710         26          0          0          0       7592   stm32f10x_can.o
       506         26          0          0          0       4887   stm32f10x_dma.o
       448          6          0          0          0       4246   stm32f10x_gpio.o
        24          0          0          0          0       3404   stm32f10x_it.o
       396         56          0         20          0       6403   stm32f10x_rcc.o
       788         82          0          0          0       8536   stm32f10x_tim.o
       434          6          0          0          0       5324   stm32f10x_usart.o
       328         28          0         20          0       2017   system_stm32f10x.o
       134          8          0          0          0       1769   task.o
       396         38          0          3         20       2187   transmit.o
        68          0          0          0          0       1352   user_math.o
       168          0          0          0          0       1525   wave_filter.o

    ----------------------------------------------------------------------
     15006       1140       8490        120       2416     415370   Object Totals
         0          0         32          0          0          0   (incl. Generated)
        46          0          2          7          0          0   (incl. Padding)

    ----------------------------------------------------------------------

      Code (inc. data)   RO Data    RW Data    ZI Data      Debug   Library Member Name

         8          0          0          0          0         68   __main.o
       284          0          0          0          0        156   __printf_wp.o
         0          0          0          0          0          0   __rtentry.o
        12          0          0          0          0          0   __rtentry2.o
         6          0          0          0          0          0   __rtentry4.o
        52          8          0          0          0          0   __scatter.o
        26          0          0          0          0          0   __scatter_copy.o
        28          0          0          0          0          0   __scatter_zi.o
        48          6          0          0          0         96   _printf_char_common.o
        36          4          0          0          0         80   _printf_char_file.o
         6          0          0          0          0          0   _printf_d.o
       120         16          0          0          0         92   _printf_dec.o
       178          0          0          0          0         88   _printf_intcommon.o
        78          0          0          0          0        108   _printf_pad.o
         0          0          0          0          0          0   _printf_percent.o
         4          0          0          0          0          0   _printf_percent_end.o
        10          0          0          0          0         68   _sputc.o
        12          0          0          0          0         72   exit.o
         8          0          0          0          0         68   ferror.o
         6          0          0          0          0        152   heapauxi.o
         2          0          0          0          0          0   libinit.o
         2          0          0          0          0          0   libinit2.o
         2          0          0          0          0          0   libshutdown.o
         2          0          0          0          0          0   libshutdown2.o
         8          4          0          0         96         68   libspace.o
        24          4          0          0          0         84   noretval__2printf.o
        40          6          0          0          0         84   noretval__2sprintf.o
       138          0          0          0          0         68   rt_memcpy_v6.o
       100          0          0          0          0         80   rt_memcpy_w.o
         2          0          0          0          0          0   rtexit.o
        10          0          0          0          0          0   rtexit2.o
        74          0          0          0          0         80   sys_stackheap_outer.o
         2          0          0          0          0         68   use_no_semi.o
         2          0          0          0          0         68   use_no_semi_2.o
       430          8          0          0          0        168   faddsub_clz.o
        24          0          0          0          0         68   fcmpi.o
       388         76          0          0          0         96   fdiv.o
        54          4          0          0          0         84   ffix.o
        48          0          0          0          0         68   fflt_clz.o
       104          4          0          0          0         84   fleqf.o
       258          4          0          0          0         84   fmul.o
       140          4          0          0          0         84   fnaninf.o
        10          0          0          0          0         68   fretinf.o
        98          0          0          0          0         68   frleqf.o
         0          0          0          0          0          0   usenofp.o

    ----------------------------------------------------------------------
      2900        148          0          0         96       2520   Library Totals
        16          0          0          0          0          0   (incl. Padding)

    ----------------------------------------------------------------------

      Code (inc. data)   RO Data    RW Data    ZI Data      Debug   Library Name

      1330         48          0          0         96       1648   c_w.l
      1554        100          0          0          0        872   fz_ws.l

    ----------------------------------------------------------------------
      2900        148          0          0         96       2520   Library Totals

    ----------------------------------------------------------------------

==============================================================================


      Code (inc. data)   RO Data    RW Data    ZI Data      Debug   

     17906       1288       8490        120       2512     407538   Grand Totals
     17906       1288       8490        120       2512     407538   ELF Image Totals
     17906       1288       8490        120          0          0   ROM Totals

==============================================================================

    Total RO  Size (Code + RO Data)                26396 (  25.78kB)
    Total RW  Size (RW Data + ZI Data)              2632 (   2.57kB)
    Total ROM Size (Code + RO Data + RW Data)      26516 (  25.89kB)

==============================================================================

